Component: ARM Compiler 5.06 (build 20) Tool: armlink [4d35a3]

==============================================================================

Section Cross References

    startup_stm32f429xx.o(RESET) refers to startup_stm32f429xx.o(STACK) for __initial_sp
    startup_stm32f429xx.o(RESET) refers to startup_stm32f429xx.o(.text) for Reset_Handler
    startup_stm32f429xx.o(RESET) refers to stm32f4xx_it.o(i.NMI_Handler) for NMI_Handler
    startup_stm32f429xx.o(RESET) refers to stm32f4xx_it.o(i.HardFault_Handler) for HardFault_Handler
    startup_stm32f429xx.o(RESET) refers to stm32f4xx_it.o(i.MemManage_Handler) for MemManage_Handler
    startup_stm32f429xx.o(RESET) refers to stm32f4xx_it.o(i.BusFault_Handler) for BusFault_Handler
    startup_stm32f429xx.o(RESET) refers to stm32f4xx_it.o(i.UsageFault_Handler) for UsageFault_Handler
    startup_stm32f429xx.o(RESET) refers to stm32f4xx_it.o(i.SVC_Handler) for SVC_Handler
    startup_stm32f429xx.o(RESET) refers to stm32f4xx_it.o(i.DebugMon_Handler) for DebugMon_Handler
    startup_stm32f429xx.o(RESET) refers to stm32f4xx_it.o(i.PendSV_Handler) for PendSV_Handler
    startup_stm32f429xx.o(RESET) refers to stm32f4xx_it.o(i.SysTick_Handler) for SysTick_Handler
    startup_stm32f429xx.o(.text) refers to system_stm32f4xx.o(i.SystemInit) for SystemInit
    startup_stm32f429xx.o(.text) refers to entry.o(.ARM.Collect$$$$00000000) for __main
    system_stm32f4xx.o(i.SystemCoreClockUpdate) refers to system_stm32f4xx.o(.data) for .data
    system_stm32f4xx.o(i.SystemCoreClockUpdate) refers to system_stm32f4xx.o(.constdata) for .constdata
    stm32f4xx_it.o(i.SysTick_Handler) refers to stm32f4xx_hal.o(i.HAL_IncTick) for HAL_IncTick
    stm32f4xx_it.o(i.SysTick_Handler) refers to stm32f4xx_hal_cortex.o(i.HAL_SYSTICK_IRQHandler) for HAL_SYSTICK_IRQHandler
    stm32f4xx_hal_msp.o(i.HAL_FMC_MspInit) refers to stm32f4xx_hal_gpio.o(i.HAL_GPIO_Init) for HAL_GPIO_Init
    stm32f4xx_hal_msp.o(i.HAL_FMC_MspInit) refers to stm32f4xx_hal_msp.o(.data) for .data
    stm32f4xx_hal_msp.o(i.HAL_I2C_MspDeInit) refers to stm32f4xx_hal_gpio.o(i.HAL_GPIO_DeInit) for HAL_GPIO_DeInit
    stm32f4xx_hal_msp.o(i.HAL_I2C_MspInit) refers to stm32f4xx_hal_gpio.o(i.HAL_GPIO_Init) for HAL_GPIO_Init
    stm32f4xx_hal_msp.o(i.HAL_LTDC_MspDeInit) refers to stm32f4xx_hal_gpio.o(i.HAL_GPIO_DeInit) for HAL_GPIO_DeInit
    stm32f4xx_hal_msp.o(i.HAL_LTDC_MspInit) refers to stm32f4xx_hal_gpio.o(i.HAL_GPIO_Init) for HAL_GPIO_Init
    stm32f4xx_hal_msp.o(i.HAL_MspInit) refers to stm32f4xx_hal_cortex.o(i.HAL_NVIC_SetPriorityGrouping) for HAL_NVIC_SetPriorityGrouping
    stm32f4xx_hal_msp.o(i.HAL_MspInit) refers to stm32f4xx_hal_cortex.o(i.HAL_NVIC_SetPriority) for HAL_NVIC_SetPriority
    stm32f4xx_hal_msp.o(i.HAL_SDRAM_MspDeInit) refers to stm32f4xx_hal_gpio.o(i.HAL_GPIO_DeInit) for HAL_GPIO_DeInit
    stm32f4xx_hal_msp.o(i.HAL_SDRAM_MspDeInit) refers to stm32f4xx_hal_msp.o(.data) for .data
    stm32f4xx_hal_msp.o(i.HAL_SDRAM_MspInit) refers to stm32f4xx_hal_msp.o(i.HAL_FMC_MspInit) for HAL_FMC_MspInit
    stm32f4xx_hal_msp.o(i.HAL_SPI_MspDeInit) refers to stm32f4xx_hal_gpio.o(i.HAL_GPIO_DeInit) for HAL_GPIO_DeInit
    stm32f4xx_hal_msp.o(i.HAL_SPI_MspInit) refers to stm32f4xx_hal_gpio.o(i.HAL_GPIO_Init) for HAL_GPIO_Init
    main.o(i.MX_DMA2D_Init) refers to stm32f4xx_hal_dma2d.o(i.HAL_DMA2D_Init) for HAL_DMA2D_Init
    main.o(i.MX_DMA2D_Init) refers to stm32f4xx_hal_dma2d.o(i.HAL_DMA2D_ConfigLayer) for HAL_DMA2D_ConfigLayer
    main.o(i.MX_DMA2D_Init) refers to main.o(.bss) for .bss
    main.o(i.MX_FMC_Init) refers to stm32f4xx_hal_sdram.o(i.HAL_SDRAM_Init) for HAL_SDRAM_Init
    main.o(i.MX_FMC_Init) refers to main.o(.bss) for .bss
    main.o(i.MX_GPIO_Init) refers to stm32f4xx_hal_gpio.o(i.HAL_GPIO_WritePin) for HAL_GPIO_WritePin
    main.o(i.MX_GPIO_Init) refers to stm32f4xx_hal_gpio.o(i.HAL_GPIO_Init) for HAL_GPIO_Init
    main.o(i.MX_I2C3_Init) refers to stm32f4xx_hal_i2c.o(i.HAL_I2C_Init) for HAL_I2C_Init
    main.o(i.MX_I2C3_Init) refers to main.o(.bss) for .bss
    main.o(i.MX_LTDC_Init) refers to stm32f4xx_hal_ltdc.o(i.HAL_LTDC_Init) for HAL_LTDC_Init
    main.o(i.MX_LTDC_Init) refers to stm32f4xx_hal_ltdc.o(i.HAL_LTDC_ConfigLayer) for HAL_LTDC_ConfigLayer
    main.o(i.MX_LTDC_Init) refers to main.o(.bss) for .bss
    main.o(i.MX_SPI5_Init) refers to stm32f4xx_hal_spi.o(i.HAL_SPI_Init) for HAL_SPI_Init
    main.o(i.MX_SPI5_Init) refers to main.o(.bss) for .bss
    main.o(i.SystemClock_Config) refers to stm32f4xx_hal_rcc.o(i.HAL_RCC_OscConfig) for HAL_RCC_OscConfig
    main.o(i.SystemClock_Config) refers to stm32f4xx_hal_pwr_ex.o(i.HAL_PWREx_EnableOverDrive) for HAL_PWREx_EnableOverDrive
    main.o(i.SystemClock_Config) refers to stm32f4xx_hal_rcc.o(i.HAL_RCC_ClockConfig) for HAL_RCC_ClockConfig
    main.o(i.SystemClock_Config) refers to stm32f4xx_hal_rcc_ex.o(i.HAL_RCCEx_PeriphCLKConfig) for HAL_RCCEx_PeriphCLKConfig
[...]
    Removing stm32f4xx_hal_ltdc.o(i.HAL_LTDC_MspDeInit), (2 bytes).
    Removing stm32f4xx_hal_ltdc.o(i.HAL_LTDC_MspInit), (2 bytes).
    Removing stm32f4xx_hal_ltdc.o(i.HAL_LTDC_ProgramLineEvent), (68 bytes).
    Removing stm32f4xx_hal_ltdc.o(i.HAL_LTDC_Reload), (52 bytes).
    Removing stm32f4xx_hal_ltdc.o(i.HAL_LTDC_ReloadEventCallback), (2 bytes).
    Removing stm32f4xx_hal_ltdc.o(i.HAL_LTDC_SetAddress), (68 bytes).
    Removing stm32f4xx_hal_ltdc.o(i.HAL_LTDC_SetAddress_NoReload), (64 bytes).
    Removing stm32f4xx_hal_ltdc.o(i.HAL_LTDC_SetAlpha), (68 bytes).
    Removing stm32f4xx_hal_ltdc.o(i.HAL_LTDC_SetAlpha_NoReload), (64 bytes).
    Removing stm32f4xx_hal_ltdc.o(i.HAL_LTDC_SetPitch), (144 bytes).
    Removing stm32f4xx_hal_ltdc.o(i.HAL_LTDC_SetPitch_NoReload), (124 bytes).
    Removing stm32f4xx_hal_ltdc.o(i.HAL_LTDC_SetPixelFormat), (68 bytes).
    Removing stm32f4xx_hal_ltdc.o(i.HAL_LTDC_SetPixelFormat_NoReload), (64 bytes).
    Removing stm32f4xx_hal_ltdc.o(i.HAL_LTDC_SetWindowPosition), (84 bytes).
    Removing stm32f4xx_hal_ltdc.o(i.HAL_LTDC_SetWindowPosition_NoReload), (80 bytes).
    Removing stm32f4xx_hal_ltdc.o(i.HAL_LTDC_SetWindowSize), (84 bytes).
    Removing stm32f4xx_hal_ltdc.o(i.HAL_LTDC_SetWindowSize_NoReload), (80 bytes).
    Removing stm32f4xx_hal_sdram.o(.rev16_text), (4 bytes).
    Removing stm32f4xx_hal_sdram.o(.revsh_text), (4 bytes).
    Removing stm32f4xx_hal_sdram.o(.rrx_text), (6 bytes).
    Removing stm32f4xx_hal_sdram.o(i.HAL_SDRAM_DMA_XferCpltCallback), (2 bytes).
    Removing stm32f4xx_hal_sdram.o(i.HAL_SDRAM_DMA_XferErrorCallback), (2 bytes).
    Removing stm32f4xx_hal_sdram.o(i.HAL_SDRAM_DeInit), (28 bytes).
    Removing stm32f4xx_hal_sdram.o(i.HAL_SDRAM_GetModeStatus), (6 bytes).
    Removing stm32f4xx_hal_sdram.o(i.HAL_SDRAM_GetState), (6 bytes).
    Removing stm32f4xx_hal_sdram.o(i.HAL_SDRAM_IRQHandler), (30 bytes).
    Removing stm32f4xx_hal_sdram.o(i.HAL_SDRAM_MspDeInit), (2 bytes).
    Removing stm32f4xx_hal_sdram.o(i.HAL_SDRAM_MspInit), (2 bytes).
    Removing stm32f4xx_hal_sdram.o(i.HAL_SDRAM_Read_16b), (66 bytes).
    Removing stm32f4xx_hal_sdram.o(i.HAL_SDRAM_Read_32b), (62 bytes).
    Removing stm32f4xx_hal_sdram.o(i.HAL_SDRAM_Read_8b), (66 bytes).
    Removing stm32f4xx_hal_sdram.o(i.HAL_SDRAM_Read_DMA), (72 bytes).
    Removing stm32f4xx_hal_sdram.o(i.HAL_SDRAM_RefreshErrorCallback), (2 bytes).
    Removing stm32f4xx_hal_sdram.o(i.HAL_SDRAM_SetAutoRefreshNumber), (34 bytes).
    Removing stm32f4xx_hal_sdram.o(i.HAL_SDRAM_WriteProtection_Disable), (36 bytes).
    Removing stm32f4xx_hal_sdram.o(i.HAL_SDRAM_WriteProtection_Enable), (36 bytes).
    Removing stm32f4xx_hal_sdram.o(i.HAL_SDRAM_Write_16b), (66 bytes).
    Removing stm32f4xx_hal_sdram.o(i.HAL_SDRAM_Write_32b), (62 bytes).
    Removing stm32f4xx_hal_sdram.o(i.HAL_SDRAM_Write_8b), (66 bytes).
    Removing stm32f4xx_hal_sdram.o(i.HAL_SDRAM_Write_DMA), (84 bytes).
    Removing stm32f4xx_hal_ltdc_ex.o(.rev16_text), (4 bytes).
    Removing stm32f4xx_hal_ltdc_ex.o(.revsh_text), (4 bytes).
    Removing stm32f4xx_hal_ltdc_ex.o(.rrx_text), (6 bytes).
    Removing stm32f4xx_hal_spi.o(.rev16_text), (4 bytes).
    Removing stm32f4xx_hal_spi.o(.revsh_text), (4 bytes).
    Removing stm32f4xx_hal_spi.o(.rrx_text), (6 bytes).
    Removing stm32f4xx_hal_spi.o(i.HAL_SPI_Abort), (192 bytes).
    Removing stm32f4xx_hal_spi.o(i.HAL_SPI_AbortCpltCallback), (2 bytes).
    Removing stm32f4xx_hal_spi.o(i.HAL_SPI_Abort_IT), (232 bytes).
    Removing stm32f4xx_hal_spi.o(i.HAL_SPI_DMAPause), (38 bytes).
    Removing stm32f4xx_hal_spi.o(i.HAL_SPI_DMAResume), (38 bytes).
    Removing stm32f4xx_hal_spi.o(i.HAL_SPI_DMAStop), (40 bytes).
    Removing stm32f4xx_hal_spi.o(i.HAL_SPI_ErrorCallback), (2 bytes).
    Removing stm32f4xx_hal_spi.o(i.HAL_SPI_GetError), (4 bytes).
    Removing stm32f4xx_hal_spi.o(i.HAL_SPI_IRQHandler), (212 bytes).
    Removing stm32f4xx_hal_spi.o(i.HAL_SPI_MspDeInit), (2 bytes).
    Removing stm32f4xx_hal_spi.o(i.HAL_SPI_MspInit), (2 bytes).
    Removing stm32f4xx_hal_spi.o(i.HAL_SPI_Receive_DMA), (212 bytes).
    Removing stm32f4xx_hal_spi.o(i.HAL_SPI_Receive_IT), (164 bytes).
    Removing stm32f4xx_hal_spi.o(i.HAL_SPI_RxCpltCallback), (2 bytes).
    Removing stm32f4xx_hal_spi.o(i.HAL_SPI_RxHalfCpltCallback), (2 bytes).
    Removing stm32f4xx_hal_spi.o(i.HAL_SPI_TransmitReceive_DMA), (264 bytes).
    Removing stm32f4xx_hal_spi.o(i.HAL_SPI_TransmitReceive_IT), (164 bytes).
    Removing stm32f4xx_hal_spi.o(i.HAL_SPI_Transmit_DMA), (184 bytes).
    Removing stm32f4xx_hal_spi.o(i.HAL_SPI_Transmit_IT), (152 bytes).
    Removing stm32f4xx_hal_spi.o(i.HAL_SPI_TxCpltCallback), (2 bytes).
    Removing stm32f4xx_hal_spi.o(i.HAL_SPI_TxHalfCpltCallback), (2 bytes).
    Removing stm32f4xx_hal_spi.o(i.HAL_SPI_TxRxCpltCallback), (2 bytes).
    Removing stm32f4xx_hal_spi.o(i.HAL_SPI_TxRxHalfCpltCallback), (2 bytes).
    Removing stm32f4xx_hal_spi.o(i.SPI_2linesRxISR_16BIT), (48 bytes).
    Removing stm32f4xx_hal_spi.o(i.SPI_2linesRxISR_8BIT), (46 bytes).
    Removing stm32f4xx_hal_spi.o(i.SPI_2linesTxISR_16BIT), (48 bytes).
    Removing stm32f4xx_hal_spi.o(i.SPI_2linesTxISR_8BIT), (46 bytes).
    Removing stm32f4xx_hal_spi.o(i.SPI_AbortRx_ISR), (80 bytes).
    Removing stm32f4xx_hal_spi.o(i.SPI_AbortTx_ISR), (22 bytes).
    Removing stm32f4xx_hal_spi.o(i.SPI_CloseRxTx_ISR), (144 bytes).
    Removing stm32f4xx_hal_spi.o(i.SPI_CloseRx_ISR), (78 bytes).
    Removing stm32f4xx_hal_spi.o(i.SPI_CloseTx_ISR), (124 bytes).
    Removing stm32f4xx_hal_spi.o(i.SPI_DMAAbortOnError), (16 bytes).
    Removing stm32f4xx_hal_spi.o(i.SPI_DMAError), (34 bytes).
    Removing stm32f4xx_hal_spi.o(i.SPI_DMAHalfReceiveCplt), (10 bytes).
    Removing stm32f4xx_hal_spi.o(i.SPI_DMAHalfTransmitCplt), (10 bytes).
    Removing stm32f4xx_hal_spi.o(i.SPI_DMAHalfTransmitReceiveCplt), (10 bytes).
    Removing stm32f4xx_hal_spi.o(i.SPI_DMAReceiveCplt), (82 bytes).
    Removing stm32f4xx_hal_spi.o(i.SPI_DMARxAbortCallback), (70 bytes).
    Removing stm32f4xx_hal_spi.o(i.SPI_DMATransmitCplt), (90 bytes).
    Removing stm32f4xx_hal_spi.o(i.SPI_DMATransmitReceiveCplt), (80 bytes).
    Removing stm32f4xx_hal_spi.o(i.SPI_DMATxAbortCallback), (104 bytes).
    Removing stm32f4xx_hal_spi.o(i.SPI_RxISR_16BIT), (32 bytes).
    Removing stm32f4xx_hal_spi.o(i.SPI_RxISR_8BIT), (30 bytes).
    Removing stm32f4xx_hal_spi.o(i.SPI_TxISR_16BIT), (32 bytes).
    Removing stm32f4xx_hal_spi.o(i.SPI_TxISR_8BIT), (30 bytes).
    Removing stm32f4xx_hal_dma2d.o(.rev16_text), (4 bytes).
    Removing stm32f4xx_hal_dma2d.o(.revsh_text), (4 bytes).
    Removing stm32f4xx_hal_dma2d.o(.rrx_text), (6 bytes).
    Removing stm32f4xx_hal_dma2d.o(i.HAL_DMA2D_Abort), (96 bytes).
    Removing stm32f4xx_hal_dma2d.o(i.HAL_DMA2D_BlendingStart), (62 bytes).
    Removing stm32f4xx_hal_dma2d.o(i.HAL_DMA2D_BlendingStart_IT), (72 bytes).
    Removing stm32f4xx_hal_dma2d.o(i.HAL_DMA2D_CLUTLoad), (94 bytes).
    Removing stm32f4xx_hal_dma2d.o(i.HAL_DMA2D_CLUTLoad_IT), (114 bytes).
    Removing stm32f4xx_hal_dma2d.o(i.HAL_DMA2D_CLUTLoadingCpltCallback), (2 bytes).
    Removing stm32f4xx_hal_dma2d.o(i.HAL_DMA2D_CLUTLoading_Abort), (106 bytes).
    Removing stm32f4xx_hal_dma2d.o(i.HAL_DMA2D_CLUTLoading_Resume), (48 bytes).
    Removing stm32f4xx_hal_dma2d.o(i.HAL_DMA2D_CLUTLoading_Suspend), (110 bytes).
    Removing stm32f4xx_hal_dma2d.o(i.HAL_DMA2D_ConfigCLUT), (84 bytes).
    Removing stm32f4xx_hal_dma2d.o(i.HAL_DMA2D_ConfigDeadTime), (50 bytes).
    Removing stm32f4xx_hal_dma2d.o(i.HAL_DMA2D_DeInit), (112 bytes).
    Removing stm32f4xx_hal_dma2d.o(i.HAL_DMA2D_DisableDeadTime), (44 bytes).
    Removing stm32f4xx_hal_dma2d.o(i.HAL_DMA2D_EnableCLUT), (50 bytes).
    Removing stm32f4xx_hal_dma2d.o(i.HAL_DMA2D_EnableDeadTime), (44 bytes).
    Removing stm32f4xx_hal_dma2d.o(i.HAL_DMA2D_GetError), (4 bytes).
    Removing stm32f4xx_hal_dma2d.o(i.HAL_DMA2D_GetState), (6 bytes).
    Removing stm32f4xx_hal_dma2d.o(i.HAL_DMA2D_IRQHandler), (286 bytes).
    Removing stm32f4xx_hal_dma2d.o(i.HAL_DMA2D_LineEventCallback), (2 bytes).
    Removing stm32f4xx_hal_dma2d.o(i.HAL_DMA2D_MspDeInit), (2 bytes).
    Removing stm32f4xx_hal_dma2d.o(i.HAL_DMA2D_MspInit), (2 bytes).
    Removing stm32f4xx_hal_dma2d.o(i.HAL_DMA2D_ProgramLineEvent), (60 bytes).
    Removing stm32f4xx_hal_dma2d.o(i.HAL_DMA2D_Resume), (28 bytes).
    Removing stm32f4xx_hal_dma2d.o(i.HAL_DMA2D_Start_IT), (62 bytes).
    Removing stm32f4xx_hal_dma2d.o(i.HAL_DMA2D_Suspend), (94 bytes).
    Removing stm32f429i_discovery.o(.rev16_text), (4 bytes).
    Removing stm32f429i_discovery.o(.revsh_text), (4 bytes).
    Removing stm32f429i_discovery.o(.rrx_text), (6 bytes).
    Removing stm32f429i_discovery.o(i.BSP_GetVersion), (8 bytes).
    Removing stm32f429i_discovery.o(i.BSP_LED_Init), (92 bytes).
    Removing stm32f429i_discovery.o(i.BSP_LED_Off), (28 bytes).
    Removing stm32f429i_discovery.o(i.BSP_LED_On), (28 bytes).
    Removing stm32f429i_discovery.o(i.BSP_LED_Toggle), (24 bytes).
    Removing stm32f429i_discovery.o(i.BSP_PB_GetState), (24 bytes).
    Removing stm32f429i_discovery.o(i.BSP_PB_Init), (128 bytes).
    Removing stm32f429i_discovery.o(i.GYRO_IO_Init), (112 bytes).
    Removing stm32f429i_discovery.o(i.GYRO_IO_Read), (80 bytes).
    Removing stm32f429i_discovery.o(i.GYRO_IO_Write), (72 bytes).
    Removing stm32f429i_discovery.o(i.I2Cx_Error), (20 bytes).
    Removing stm32f429i_discovery.o(i.I2Cx_Init), (72 bytes).
    Removing stm32f429i_discovery.o(i.I2Cx_MspInit), (184 bytes).
    Removing stm32f429i_discovery.o(i.IOE_Delay), (4 bytes).
    Removing stm32f429i_discovery.o(i.IOE_ITConfig), (80 bytes).
    Removing stm32f429i_discovery.o(i.IOE_Init), (4 bytes).
    Removing stm32f429i_discovery.o(i.IOE_Read), (52 bytes).
    Removing stm32f429i_discovery.o(i.IOE_ReadMultiple), (48 bytes).
    Removing stm32f429i_discovery.o(i.IOE_Write), (48 bytes).
    Removing stm32f429i_discovery.o(i.IOE_WriteMultiple), (48 bytes).
    Removing stm32f429i_discovery.o(i.SPIx_WriteRead), (48 bytes).
    Removing stm32f429i_discovery.o(.constdata), (8 bytes).
    Removing stm32f429i_discovery_lcd.o(.rev16_text), (4 bytes).
    Removing stm32f429i_discovery_lcd.o(.revsh_text), (4 bytes).
    Removing stm32f429i_discovery_lcd.o(.rrx_text), (6 bytes).
    Removing stm32f429i_discovery_lcd.o(i.BSP_LCD_ClearStringLine), (92 bytes).
    Removing stm32f429i_discovery_lcd.o(i.BSP_LCD_DisplayOff), (20 bytes).
    Removing stm32f429i_discovery_lcd.o(i.BSP_LCD_DrawBitmap), (204 bytes).
    Removing stm32f429i_discovery_lcd.o(i.BSP_LCD_DrawCircle), (280 bytes).
    Removing stm32f429i_discovery_lcd.o(i.BSP_LCD_DrawEllipse), (292 bytes).
    Removing stm32f429i_discovery_lcd.o(i.BSP_LCD_DrawHLine), (76 bytes).
    Removing stm32f429i_discovery_lcd.o(i.BSP_LCD_DrawLine), (200 bytes).
    Removing stm32f429i_discovery_lcd.o(i.BSP_LCD_DrawPolygon), (58 bytes).
    Removing stm32f429i_discovery_lcd.o(i.BSP_LCD_DrawRect), (54 bytes).
    Removing stm32f429i_discovery_lcd.o(i.BSP_LCD_DrawVLine), (88 bytes).
    Removing stm32f429i_discovery_lcd.o(i.BSP_LCD_FillCircle), (196 bytes).
    Removing stm32f429i_discovery_lcd.o(i.BSP_LCD_FillEllipse), (216 bytes).
    Removing stm32f429i_discovery_lcd.o(i.BSP_LCD_FillPolygon), (276 bytes).
    Removing stm32f429i_discovery_lcd.o(i.BSP_LCD_FillRect), (104 bytes).
    Removing stm32f429i_discovery_lcd.o(i.BSP_LCD_FillTriangle), (188 bytes).
    Removing stm32f429i_discovery_lcd.o(i.BSP_LCD_GetBackColor), (28 bytes).
    Removing stm32f429i_discovery_lcd.o(i.BSP_LCD_GetTextColor), (24 bytes).
    Removing stm32f429i_discovery_lcd.o(i.BSP_LCD_ReadPixel), (180 bytes).
    Removing stm32f429i_discovery_lcd.o(i.BSP_LCD_Relaod), (12 bytes).
    Removing stm32f429i_discovery_lcd.o(i.BSP_LCD_ResetColorKeying), (12 bytes).
    Removing stm32f429i_discovery_lcd.o(i.BSP_LCD_ResetColorKeying_NoReload), (12 bytes).
    Removing stm32f429i_discovery_lcd.o(i.BSP_LCD_SetBackColor), (28 bytes).
    Removing stm32f429i_discovery_lcd.o(i.BSP_LCD_SetColorKeying), (28 bytes).
    Removing stm32f429i_discovery_lcd.o(i.BSP_LCD_SetColorKeying_NoReload), (28 bytes).
    Removing stm32f429i_discovery_lcd.o(i.BSP_LCD_SetLayerAddress), (12 bytes).
    Removing stm32f429i_discovery_lcd.o(i.BSP_LCD_SetLayerAddress_NoReload), (12 bytes).
    Removing stm32f429i_discovery_lcd.o(i.BSP_LCD_SetLayerVisible), (44 bytes).
    Removing stm32f429i_discovery_lcd.o(i.BSP_LCD_SetLayerVisible_NoReload), (36 bytes).
    Removing stm32f429i_discovery_lcd.o(i.BSP_LCD_SetLayerWindow), (44 bytes).
    Removing stm32f429i_discovery_lcd.o(i.BSP_LCD_SetLayerWindow_NoReload), (44 bytes).
    Removing stm32f429i_discovery_lcd.o(i.BSP_LCD_SetTransparency), (12 bytes).
    Removing stm32f429i_discovery_lcd.o(i.BSP_LCD_SetTransparency_NoReload), (12 bytes).
    Removing stm32f429i_discovery_lcd.o(i.ConvertLineToARGB8888), (100 bytes).
    Removing stm32f429i_discovery_lcd.o(.constdata), (3800 bytes).
    Removing stm32f429i_discovery_lcd.o(.constdata), (3040 bytes).
    Removing stm32f429i_discovery_lcd.o(.constdata), (1140 bytes).
    Removing stm32f429i_discovery_lcd.o(.constdata), (760 bytes).
    Removing stm32f429i_discovery_lcd.o(.data), (8 bytes).
    Removing stm32f429i_discovery_lcd.o(.data), (8 bytes).
    Removing stm32f429i_discovery_lcd.o(.data), (8 bytes).
    Removing stm32f429i_discovery_lcd.o(.data), (8 bytes).
    Removing stm32f429i_discovery_sdram.o(.rev16_text), (4 bytes).
    Removing stm32f429i_discovery_sdram.o(.revsh_text), (4 bytes).
    Removing stm32f429i_discovery_sdram.o(.rrx_text), (6 bytes).
    Removing stm32f429i_discovery_sdram.o(i.BSP_SDRAM_DMA_IRQHandler), (12 bytes).
    Removing stm32f429i_discovery_sdram.o(i.BSP_SDRAM_MspDeInit), (40 bytes).
    Removing stm32f429i_discovery_sdram.o(i.BSP_SDRAM_ReadData), (28 bytes).
    Removing stm32f429i_discovery_sdram.o(i.BSP_SDRAM_ReadData_DMA), (28 bytes).
    Removing stm32f429i_discovery_sdram.o(i.BSP_SDRAM_Sendcmd), (28 bytes).
    Removing stm32f429i_discovery_sdram.o(i.BSP_SDRAM_WriteData), (40 bytes).
    Removing stm32f429i_discovery_sdram.o(i.BSP_SDRAM_WriteData_DMA), (28 bytes).
    Removing ili9341.o(i.ili9341_ReadData), (4 bytes).
    Removing ili9341.o(i.ili9341_WriteData), (4 bytes).
    Removing ili9341.o(i.ili9341_WriteReg), (4 bytes).

530 unused section(s) (total 45408 bytes) removed from the image.

==============================================================================

Image Symbol Table

    Local Symbols

    Symbol Name                              Value     Ov Type        Size  Object(Section)

    ..//Src/system_stm32f4xx.c               0x00000000   Number         0  system_stm32f4xx.o ABSOLUTE
    ../Drivers/STM32F4xx_HAL_Driver/Src/stm32f4xx_hal.c 0x00000000   Number         0  stm32f4xx_hal.o ABSOLUTE
    ../Drivers/STM32F4xx_HAL_Driver/Src/stm32f4xx_hal_cortex.c 0x00000000   Number         0  stm32f4xx_hal_cortex.o ABSOLUTE
    ../Drivers/STM32F4xx_HAL_Driver/Src/stm32f4xx_hal_dma.c 0x00000000   Number         0  stm32f4xx_hal_dma.o ABSOLUTE
    ../Drivers/STM32F4xx_HAL_Driver/Src/stm32f4xx_hal_dma2d.c 0x00000000   Number         0  stm32f4xx_hal_dma2d.o ABSOLUTE
    ../Drivers/STM32F4xx_HAL_Driver/Src/stm32f4xx_hal_dma_ex.c 0x00000000   Number         0  stm32f4xx_hal_dma_ex.o ABSOLUTE
    ../Drivers/STM32F4xx_HAL_Driver/Src/stm32f4xx_hal_dsi.c 0x00000000   Number         0  stm32f4xx_hal_dsi.o ABSOLUTE
    ../Drivers/STM32F4xx_HAL_Driver/Src/stm32f4xx_hal_flash.c 0x00000000   Number         0  stm32f4xx_hal_flash.o ABSOLUTE
    ../Drivers/STM32F4xx_HAL_Driver/Src/stm32f4xx_hal_flash_ex.c 0x00000000   Number         0  stm32f4xx_hal_flash_ex.o ABSOLUTE
    ../Drivers/STM32F4xx_HAL_Driver/Src/stm32f4xx_hal_flash_ramfunc.c 0x00000000   Number         0  stm32f4xx_hal_flash_ramfunc.o ABSOLUTE
    ../Drivers/STM32F4xx_HAL_Driver/Src/stm32f4xx_hal_gpio.c 0x00000000   Number         0  stm32f4xx_hal_gpio.o ABSOLUTE
    ../Drivers/STM32F4xx_HAL_Driver/Src/stm32f4xx_hal_i2c.c 0x00000000   Number         0  stm32f4xx_hal_i2c.o ABSOLUTE
    ../Drivers/STM32F4xx_HAL_Driver/Src/stm32f4xx_hal_i2c_ex.c 0x00000000   Number         0  stm32f4xx_hal_i2c_ex.o ABSOLUTE
    ../Drivers/STM32F4xx_HAL_Driver/Src/stm32f4xx_hal_ltdc.c 0x00000000   Number         0  stm32f4xx_hal_ltdc.o ABSOLUTE
    ../Drivers/STM32F4xx_HAL_Driver/Src/stm32f4xx_hal_ltdc_ex.c 0x00000000   Number         0  stm32f4xx_hal_ltdc_ex.o ABSOLUTE
    ../Drivers/STM32F4xx_HAL_Driver/Src/stm32f4xx_hal_pwr.c 0x00000000   Number         0  stm32f4xx_hal_pwr.o ABSOLUTE
    ../Drivers/STM32F4xx_HAL_Driver/Src/stm32f4xx_hal_pwr_ex.c 0x00000000   Number         0  stm32f4xx_hal_pwr_ex.o ABSOLUTE
    ../Drivers/STM32F4xx_HAL_Driver/Src/stm32f4xx_hal_rcc.c 0x00000000   Number         0  stm32f4xx_hal_rcc.o ABSOLUTE
    ../Drivers/STM32F4xx_HAL_Driver/Src/stm32f4xx_hal_rcc_ex.c 0x00000000   Number         0  stm32f4xx_hal_rcc_ex.o ABSOLUTE
    ../Drivers/STM32F4xx_HAL_Driver/Src/stm32f4xx_hal_sdram.c 0x00000000   Number         0  stm32f4xx_hal_sdram.o ABSOLUTE
    ../Drivers/STM32F4xx_HAL_Driver/Src/stm32f4xx_hal_spi.c 0x00000000   Number         0  stm32f4xx_hal_spi.o ABSOLUTE
    ../Drivers/STM32F4xx_HAL_Driver/Src/stm32f4xx_hal_tim.c 0x00000000   Number         0  stm32f4xx_hal_tim.o ABSOLUTE
    ../Drivers/STM32F4xx_HAL_Driver/Src/stm32f4xx_hal_tim_ex.c 0x00000000   Number         0  stm32f4xx_hal_tim_ex.o ABSOLUTE
    ../Drivers/STM32F4xx_HAL_Driver/Src/stm32f4xx_ll_fmc.c 0x00000000   Number         0  stm32f4xx_ll_fmc.o ABSOLUTE
    ../Src/main.c                            0x00000000   Number         0  main.o ABSOLUTE
    ../Src/stm32f4xx_hal_msp.c               0x00000000   Number         0  stm32f4xx_hal_msp.o ABSOLUTE
    ../Src/stm32f4xx_it.c                    0x00000000   Number         0  stm32f4xx_it.o ABSOLUTE
    ../clib/microlib/division.c              0x00000000   Number         0  uldiv.o ABSOLUTE
    ../clib/microlib/init/entry.s            0x00000000   Number         0  entry8a.o ABSOLUTE
    ../clib/microlib/init/entry.s            0x00000000   Number         0  entry7b.o ABSOLUTE
    ../clib/microlib/init/entry.s            0x00000000   Number         0  entry7a.o ABSOLUTE
    ../clib/microlib/init/entry.s            0x00000000   Number         0  entry5.o ABSOLUTE
    ../clib/microlib/init/entry.s            0x00000000   Number         0  entry9b.o ABSOLUTE
    ../clib/microlib/init/entry.s            0x00000000   Number         0  entry2.o ABSOLUTE
    ../clib/microlib/init/entry.s            0x00000000   Number         0  entry.o ABSOLUTE
    ../clib/microlib/init/entry.s            0x00000000   Number         0  entry11b.o ABSOLUTE
    ../clib/microlib/init/entry.s            0x00000000   Number         0  entry11a.o ABSOLUTE
    ../clib/microlib/init/entry.s            0x00000000   Number         0  entry10b.o ABSOLUTE
    ../clib/microlib/init/entry.s            0x00000000   Number         0  entry10a.o ABSOLUTE
    ../clib/microlib/init/entry.s            0x00000000   Number         0  entry9a.o ABSOLUTE
    ../clib/microlib/init/entry.s            0x00000000   Number         0  entry8b.o ABSOLUTE
    ../clib/microlib/longlong.c              0x00000000   Number         0  llshl.o ABSOLUTE
    ../clib/microlib/longlong.c              0x00000000   Number         0  llushr.o ABSOLUTE
    ../clib/microlib/string/memcpy.c         0x00000000   Number         0  memcpya.o ABSOLUTE
    ../clib/microlib/string/memcpy.c         0x00000000   Number         0  memcpyb.o ABSOLUTE
    ..\Drivers\BSP\Components\ili9341\ili9341.c 0x00000000   Number         0  ili9341.o ABSOLUTE
    ..\Drivers\BSP\STM32F429I-Discovery\stm32f429i_discovery.c 0x00000000   Number         0  stm32f429i_discovery.o ABSOLUTE
    ..\Drivers\BSP\STM32F429I-Discovery\stm32f429i_discovery_lcd.c 0x00000000   Number         0  stm32f429i_discovery_lcd.o ABSOLUTE
    ..\Drivers\BSP\STM32F429I-Discovery\stm32f429i_discovery_sdram.c 0x00000000   Number         0  stm32f429i_discovery_sdram.o ABSOLUTE
    ..\Drivers\STM32F4xx_HAL_Driver\Src\stm32f4xx_hal.c 0x00000000   Number         0  stm32f4xx_hal.o ABSOLUTE
    ..\Drivers\STM32F4xx_HAL_Driver\Src\stm32f4xx_hal_cortex.c 0x00000000   Number         0  stm32f4xx_hal_cortex.o ABSOLUTE
    ..\Drivers\STM32F4xx_HAL_Driver\Src\stm32f4xx_hal_dma.c 0x00000000   Number         0  stm32f4xx_hal_dma.o ABSOLUTE
    ..\Drivers\STM32F4xx_HAL_Driver\Src\stm32f4xx_hal_dma2d.c 0x00000000   Number         0  stm32f4xx_hal_dma2d.o ABSOLUTE
    ..\Drivers\STM32F4xx_HAL_Driver\Src\stm32f4xx_hal_dma_ex.c 0x00000000   Number         0  stm32f4xx_hal_dma_ex.o ABSOLUTE
    ..\Drivers\STM32F4xx_HAL_Driver\Src\stm32f4xx_hal_dsi.c 0x00000000   Number         0  stm32f4xx_hal_dsi.o ABSOLUTE
    ..\Drivers\STM32F4xx_HAL_Driver\Src\stm32f4xx_hal_flash.c 0x00000000   Number         0  stm32f4xx_hal_flash.o ABSOLUTE
    ..\Drivers\STM32F4xx_HAL_Driver\Src\stm32f4xx_hal_flash_ex.c 0x00000000   Number         0  stm32f4xx_hal_flash_ex.o ABSOLUTE
    ..\Drivers\STM32F4xx_HAL_Driver\Src\stm32f4xx_hal_flash_ramfunc.c 0x00000000   Number         0  stm32f4xx_hal_flash_ramfunc.o ABSOLUTE
    ..\Drivers\STM32F4xx_HAL_Driver\Src\stm32f4xx_hal_gpio.c 0x00000000   Number         0  stm32f4xx_hal_gpio.o ABSOLUTE
    ..\Drivers\STM32F4xx_HAL_Driver\Src\stm32f4xx_hal_i2c.c 0x00000000   Number         0  stm32f4xx_hal_i2c.o ABSOLUTE
    ..\Drivers\STM32F4xx_HAL_Driver\Src\stm32f4xx_hal_i2c_ex.c 0x00000000   Number         0  stm32f4xx_hal_i2c_ex.o ABSOLUTE
    ..\Drivers\STM32F4xx_HAL_Driver\Src\stm32f4xx_hal_ltdc.c 0x00000000   Number         0  stm32f4xx_hal_ltdc.o ABSOLUTE
    ..\Drivers\STM32F4xx_HAL_Driver\Src\stm32f4xx_hal_ltdc_ex.c 0x00000000   Number         0  stm32f4xx_hal_ltdc_ex.o ABSOLUTE
    ..\Drivers\STM32F4xx_HAL_Driver\Src\stm32f4xx_hal_pwr.c 0x00000000   Number         0  stm32f4xx_hal_pwr.o ABSOLUTE
    ..\Drivers\STM32F4xx_HAL_Driver\Src\stm32f4xx_hal_pwr_ex.c 0x00000000   Number         0  stm32f4xx_hal_pwr_ex.o ABSOLUTE
    ..\Drivers\STM32F4xx_HAL_Driver\Src\stm32f4xx_hal_rcc.c 0x00000000   Number         0  stm32f4xx_hal_rcc.o ABSOLUTE
    ..\Drivers\STM32F4xx_HAL_Driver\Src\stm32f4xx_hal_rcc_ex.c 0x00000000   Number         0  stm32f4xx_hal_rcc_ex.o ABSOLUTE
    ..\Drivers\STM32F4xx_HAL_Driver\Src\stm32f4xx_hal_sdram.c 0x00000000   Number         0  stm32f4xx_hal_sdram.o ABSOLUTE
    ..\Drivers\STM32F4xx_HAL_Driver\Src\stm32f4xx_hal_spi.c 0x00000000   Number         0  stm32f4xx_hal_spi.o ABSOLUTE
    ..\Drivers\STM32F4xx_HAL_Driver\Src\stm32f4xx_hal_tim.c 0x00000000   Number         0  stm32f4xx_hal_tim.o ABSOLUTE
    ..\Drivers\STM32F4xx_HAL_Driver\Src\stm32f4xx_hal_tim_ex.c 0x00000000   Number         0  stm32f4xx_hal_tim_ex.o ABSOLUTE
    ..\Drivers\STM32F4xx_HAL_Driver\Src\stm32f4xx_ll_fmc.c 0x00000000   Number         0  stm32f4xx_ll_fmc.o ABSOLUTE
    ..\Src\Sensor.c                          0x00000000   Number         0  sensor.o ABSOLUTE
    ..\Src\main.c                            0x00000000   Number         0  main.o ABSOLUTE
    ..\Src\stm32f4xx_hal_msp.c               0x00000000   Number         0  stm32f4xx_hal_msp.o ABSOLUTE
    ..\Src\stm32f4xx_it.c                    0x00000000   Number         0  stm32f4xx_it.o ABSOLUTE
    ..\\Drivers\\BSP\\STM32F429I-Discovery\\stm32f429i_discovery.c 0x00000000   Number         0  stm32f429i_discovery.o ABSOLUTE
    ..\\Drivers\\BSP\\STM32F429I-Discovery\\stm32f429i_discovery_lcd.c 0x00000000   Number         0  stm32f429i_discovery_lcd.o ABSOLUTE
    ..\\Drivers\\BSP\\STM32F429I-Discovery\\stm32f429i_discovery_sdram.c 0x00000000   Number         0  stm32f429i_discovery_sdram.o ABSOLUTE
    ..\\Src\\Sensor.c                        0x00000000   Number         0  sensor.o ABSOLUTE
    ..\\Src\system_stm32f4xx.c               0x00000000   Number         0  system_stm32f4xx.o ABSOLUTE
    dc.s                                     0x00000000   Number         0  dc.o ABSOLUTE
    handlers.s                               0x00000000   Number         0  handlers.o ABSOLUTE
    init.s                                   0x00000000   Number         0  init.o ABSOLUTE
    startup_stm32f429xx.s                    0x00000000   Number         0  startup_stm32f429xx.o ABSOLUTE
    RESET                                    0x08000000   Section      428  startup_stm32f429xx.o(RESET)
    .ARM.Collect$$$$00000000                 0x080001ac   Section        0  entry.o(.ARM.Collect$$$$00000000)
    .ARM.Collect$$$$00000001                 0x080001ac   Section        4  entry2.o(.ARM.Collect$$$$00000001)
    .ARM.Collect$$$$00000004                 0x080001b0   Section        4  entry5.o(.ARM.Collect$$$$00000004)
    .ARM.Collect$$$$00000008                 0x080001b4   Section        0  entry7b.o(.ARM.Collect$$$$00000008)
    .ARM.Collect$$$$0000000A                 0x080001b4   Section        0  entry8b.o(.ARM.Collect$$$$0000000A)
    .ARM.Collect$$$$0000000B                 0x080001b4   Section        8  entry9a.o(.ARM.Collect$$$$0000000B)
    .ARM.Collect$$$$0000000D                 0x080001bc   Section        0  entry10a.o(.ARM.Collect$$$$0000000D)
    .ARM.Collect$$$$0000000F                 0x080001bc   Section        0  entry11a.o(.ARM.Collect$$$$0000000F)
    .ARM.Collect$$$$00002712                 0x080001bc   Section        4  entry2.o(.ARM.Collect$$$$00002712)
    __lit__00000000                          0x080001bc   Data           4  entry2.o(.ARM.Collect$$$$00002712)
    .text                                    0x080001c0   Section       36  startup_stm32f429xx.o(.text)
    $v0                                      0x080001c0   Number         0  startup_stm32f429xx.o(.text)
    .text                                    0x080001e4   Section        0  uldiv.o(.text)
    .text                                    0x08000246   Section        0  memcpya.o(.text)
    .text                                    0x0800026a   Section        0  llshl.o(.text)
    .text                                    0x08000288   Section        0  llushr.o(.text)
    .text                                    0x080002a8   Section       36  init.o(.text)
    i.BSP_LCD_Clear                          0x080002cc   Section        0  stm32f429i_discovery_lcd.o(i.BSP_LCD_Clear)
    i.BSP_LCD_DisplayChar                    0x08000308   Section        0  stm32f429i_discovery_lcd.o(i.BSP_LCD_DisplayChar)
    i.BSP_LCD_DisplayOn                      0x0800033c   Section        0  stm32f429i_discovery_lcd.o(i.BSP_LCD_DisplayOn)
    i.BSP_LCD_DisplayStringAt                0x08000350   Section        0  stm32f429i_discovery_lcd.o(i.BSP_LCD_DisplayStringAt)
    i.BSP_LCD_DisplayStringAtLine            0x08000414   Section        0  stm32f429i_discovery_lcd.o(i.BSP_LCD_DisplayStringAtLine)
    i.BSP_LCD_DrawPixel                      0x08000430   Section        0  stm32f429i_discovery_lcd.o(i.BSP_LCD_DrawPixel)
    i.BSP_LCD_GetFont                        0x08000464   Section        0  stm32f429i_discovery_lcd.o(i.BSP_LCD_GetFont)
    i.BSP_LCD_GetXSize                       0x08000480   Section        0  stm32f429i_discovery_lcd.o(i.BSP_LCD_GetXSize)
    i.BSP_LCD_GetYSize                       0x0800048c   Section        0  stm32f429i_discovery_lcd.o(i.BSP_LCD_GetYSize)
    i.BSP_LCD_Init                           0x08000498   Section        0  stm32f429i_discovery_lcd.o(i.BSP_LCD_Init)
    i.BSP_LCD_LayerDefaultInit               0x0800052c   Section        0  stm32f429i_discovery_lcd.o(i.BSP_LCD_LayerDefaultInit)
    i.BSP_LCD_MspInit                        0x080005ac   Section        0  stm32f429i_discovery_lcd.o(i.BSP_LCD_MspInit)
    i.BSP_LCD_SelectLayer                    0x080006d8   Section        0  stm32f429i_discovery_lcd.o(i.BSP_LCD_SelectLayer)
    i.BSP_LCD_SetFont                        0x080006e4   Section        0  stm32f429i_discovery_lcd.o(i.BSP_LCD_SetFont)
    i.BSP_LCD_SetTextColor                   0x08000700   Section        0  stm32f429i_discovery_lcd.o(i.BSP_LCD_SetTextColor)
    i.BSP_SDRAM_Init                         0x08000718   Section        0  stm32f429i_discovery_sdram.o(i.BSP_SDRAM_Init)
    i.BSP_SDRAM_Initialization_sequence      0x08000790   Section        0  stm32f429i_discovery_sdram.o(i.BSP_SDRAM_Initialization_sequence)
    i.BSP_SDRAM_MspInit                      0x08000818   Section        0  stm32f429i_discovery_sdram.o(i.BSP_SDRAM_MspInit)
    i.BusFault_Handler                       0x0800097c   Section        0  stm32f4xx_it.o(i.BusFault_Handler)
    i.DMA2D_SetConfig                        0x0800097e   Section        0  stm32f4xx_hal_dma2d.o(i.DMA2D_SetConfig)
    DMA2D_SetConfig                          0x0800097f   Thumb Code   150  stm32f4xx_hal_dma2d.o(i.DMA2D_SetConfig)
    i.DMA_CalcBaseAndBitshift                0x08000a14   Section        0  stm32f4xx_hal_dma.o(i.DMA_CalcBaseAndBitshift)
    DMA_CalcBaseAndBitshift                  0x08000a15   Thumb Code    34  stm32f4xx_hal_dma.o(i.DMA_CalcBaseAndBitshift)
    i.DMA_CheckFifoParam                     0x08000a3c   Section        0  stm32f4xx_hal_dma.o(i.DMA_CheckFifoParam)
    DMA_CheckFifoParam                       0x08000a3d   Thumb Code    84  stm32f4xx_hal_dma.o(i.DMA_CheckFifoParam)
    i.DebugMon_Handler                       0x08000a90   Section        0  stm32f4xx_it.o(i.DebugMon_Handler)
    i.DrawChar                               0x08000a94   Section        0  stm32f429i_discovery_lcd.o(i.DrawChar)
    DrawChar                                 0x08000a95   Thumb Code   172  stm32f429i_discovery_lcd.o(i.DrawChar)
    i.FMC_SDRAM_Init                         0x08000b48   Section        0  stm32f4xx_ll_fmc.o(i.FMC_SDRAM_Init)
    i.FMC_SDRAM_ProgramRefreshRate           0x08000b98   Section        0  stm32f4xx_ll_fmc.o(i.FMC_SDRAM_ProgramRefreshRate)
    i.FMC_SDRAM_SendCommand                  0x08000ba4   Section        0  stm32f4xx_ll_fmc.o(i.FMC_SDRAM_SendCommand)
    i.FMC_SDRAM_Timing_Init                  0x08000bec   Section        0  stm32f4xx_ll_fmc.o(i.FMC_SDRAM_Timing_Init)
    i.FillBuffer                             0x08000c6c   Section        0  stm32f429i_discovery_lcd.o(i.FillBuffer)
    FillBuffer                               0x08000c6d   Thumb Code    88  stm32f429i_discovery_lcd.o(i.FillBuffer)
    i.HAL_DMA2D_ConfigLayer                  0x08000ccc   Section        0  stm32f4xx_hal_dma2d.o(i.HAL_DMA2D_ConfigLayer)
    i.HAL_DMA2D_Init                         0x08000d74   Section        0  stm32f4xx_hal_dma2d.o(i.HAL_DMA2D_Init)
    i.HAL_DMA2D_MspInit                      0x08000dd0   Section        0  stm32f4xx_hal_msp.o(i.HAL_DMA2D_MspInit)
    i.HAL_DMA2D_PollForTransfer              0x08000df8   Section        0  stm32f4xx_hal_dma2d.o(i.HAL_DMA2D_PollForTransfer)
    i.HAL_DMA2D_Start                        0x08000f04   Section        0  stm32f4xx_hal_dma2d.o(i.HAL_DMA2D_Start)
    i.HAL_DMA_DeInit                         0x08000f38   Section        0  stm32f4xx_hal_dma.o(i.HAL_DMA_DeInit)
    i.HAL_DMA_Init                           0x08000f90   Section        0  stm32f4xx_hal_dma.o(i.HAL_DMA_Init)
    i.HAL_Delay                              0x08001064   Section        0  stm32f4xx_hal.o(i.HAL_Delay)
    i.HAL_FMC_MspInit                        0x08001088   Section        0  stm32f4xx_hal_msp.o(i.HAL_FMC_MspInit)
    HAL_FMC_MspInit                          0x08001089   Thumb Code   180  stm32f4xx_hal_msp.o(i.HAL_FMC_MspInit)
    i.HAL_GPIO_DeInit                        0x0800115c   Section        0  stm32f4xx_hal_gpio.o(i.HAL_GPIO_DeInit)
    i.HAL_GPIO_Init                          0x080012cc   Section        0  stm32f4xx_hal_gpio.o(i.HAL_GPIO_Init)
    i.HAL_GPIO_WritePin                      0x08001498   Section        0  stm32f4xx_hal_gpio.o(i.HAL_GPIO_WritePin)
    i.HAL_GetTick                            0x080014a4   Section        0  stm32f4xx_hal.o(i.HAL_GetTick)
    i.HAL_I2C_Init                           0x080014b0   Section        0  stm32f4xx_hal_i2c.o(i.HAL_I2C_Init)
    i.HAL_I2C_IsDeviceReady                  0x080015b8   Section        0  stm32f4xx_hal_i2c.o(i.HAL_I2C_IsDeviceReady)
    i.HAL_I2C_Mem_Read                       0x08001718   Section        0  stm32f4xx_hal_i2c.o(i.HAL_I2C_Mem_Read)
    i.HAL_I2C_MspInit                        0x08001914   Section        0  stm32f4xx_hal_msp.o(i.HAL_I2C_MspInit)
    i.HAL_IncTick                            0x0800196c   Section        0  stm32f4xx_hal.o(i.HAL_IncTick)
    i.HAL_Init                               0x0800197c   Section        0  stm32f4xx_hal.o(i.HAL_Init)
    i.HAL_InitTick                           0x080019b0   Section        0  stm32f4xx_hal.o(i.HAL_InitTick)
    i.HAL_LTDC_ConfigLayer                   0x080019f0   Section        0  stm32f4xx_hal_ltdc.o(i.HAL_LTDC_ConfigLayer)
    i.HAL_LTDC_EnableDither                  0x08001a44   Section        0  stm32f4xx_hal_ltdc.o(i.HAL_LTDC_EnableDither)
    i.HAL_LTDC_Init                          0x08001a74   Section        0  stm32f4xx_hal_ltdc.o(i.HAL_LTDC_Init)
    i.HAL_LTDC_MspInit                       0x08001b68   Section        0  stm32f4xx_hal_msp.o(i.HAL_LTDC_MspInit)
    i.HAL_MspInit                            0x08001c6c   Section        0  stm32f4xx_hal_msp.o(i.HAL_MspInit)
    i.HAL_NVIC_EnableIRQ                     0x08001cc4   Section        0  stm32f4xx_hal_cortex.o(i.HAL_NVIC_EnableIRQ)
    i.HAL_NVIC_SetPriority                   0x08001cdc   Section        0  stm32f4xx_hal_cortex.o(i.HAL_NVIC_SetPriority)
    i.HAL_NVIC_SetPriorityGrouping           0x08001d1c   Section        0  stm32f4xx_hal_cortex.o(i.HAL_NVIC_SetPriorityGrouping)
    i.HAL_PWREx_EnableOverDrive              0x08001d40   Section        0  stm32f4xx_hal_pwr_ex.o(i.HAL_PWREx_EnableOverDrive)
    i.HAL_RCCEx_PeriphCLKConfig              0x08001db0   Section        0  stm32f4xx_hal_rcc_ex.o(i.HAL_RCCEx_PeriphCLKConfig)
    i.HAL_RCC_ClockConfig                    0x08001fe4   Section        0  stm32f4xx_hal_rcc.o(i.HAL_RCC_ClockConfig)
    i.HAL_RCC_GetHCLKFreq                    0x08002114   Section        0  stm32f4xx_hal_rcc.o(i.HAL_RCC_GetHCLKFreq)
    i.HAL_RCC_GetPCLK1Freq                   0x08002120   Section        0  stm32f4xx_hal_rcc.o(i.HAL_RCC_GetPCLK1Freq)
    i.HAL_RCC_GetSysClockFreq                0x08002140   Section        0  stm32f4xx_hal_rcc.o(i.HAL_RCC_GetSysClockFreq)
    i.HAL_RCC_OscConfig                      0x080021a0   Section        0  stm32f4xx_hal_rcc.o(i.HAL_RCC_OscConfig)
    i.HAL_SDRAM_Init                         0x080024bc   Section        0  stm32f4xx_hal_sdram.o(i.HAL_SDRAM_Init)
    i.HAL_SDRAM_MspInit                      0x080024fe   Section        0  stm32f4xx_hal_msp.o(i.HAL_SDRAM_MspInit)
    i.HAL_SDRAM_ProgramRefreshRate           0x08002502   Section        0  stm32f4xx_hal_sdram.o(i.HAL_SDRAM_ProgramRefreshRate)
    i.HAL_SDRAM_SendCommand                  0x08002524   Section        0  stm32f4xx_hal_sdram.o(i.HAL_SDRAM_SendCommand)
    i.HAL_SPI_DeInit                         0x08002554   Section        0  stm32f4xx_hal_spi.o(i.HAL_SPI_DeInit)
    i.HAL_SPI_GetState                       0x08002582   Section        0  stm32f4xx_hal_spi.o(i.HAL_SPI_GetState)
    i.HAL_SPI_Init                           0x08002588   Section        0  stm32f4xx_hal_spi.o(i.HAL_SPI_Init)
    i.HAL_SPI_MspDeInit                      0x08002608   Section        0  stm32f4xx_hal_msp.o(i.HAL_SPI_MspDeInit)
    i.HAL_SPI_MspInit                        0x08002634   Section        0  stm32f4xx_hal_msp.o(i.HAL_SPI_MspInit)
    i.HAL_SPI_Receive                        0x08002680   Section        0  stm32f4xx_hal_spi.o(i.HAL_SPI_Receive)
    i.HAL_SPI_Transmit                       0x080027d0   Section        0  stm32f4xx_hal_spi.o(i.HAL_SPI_Transmit)
    i.HAL_SPI_TransmitReceive                0x08002938   Section        0  stm32f4xx_hal_spi.o(i.HAL_SPI_TransmitReceive)
    i.HAL_SYSTICK_CLKSourceConfig            0x08002b10   Section        0  stm32f4xx_hal_cortex.o(i.HAL_SYSTICK_CLKSourceConfig)
    i.HAL_SYSTICK_Callback                   0x08002b28   Section        0  stm32f4xx_hal_cortex.o(i.HAL_SYSTICK_Callback)
    i.HAL_SYSTICK_Config                     0x08002b2a   Section        0  stm32f4xx_hal_cortex.o(i.HAL_SYSTICK_Config)
    i.HAL_SYSTICK_IRQHandler                 0x08002b52   Section        0  stm32f4xx_hal_cortex.o(i.HAL_SYSTICK_IRQHandler)
    i.HardFault_Handler                      0x08002b5a   Section        0  stm32f4xx_it.o(i.HardFault_Handler)
    i.I2C_IsAcknowledgeFailed                0x08002b5c   Section        0  stm32f4xx_hal_i2c.o(i.I2C_IsAcknowledgeFailed)
    I2C_IsAcknowledgeFailed                  0x08002b5d   Thumb Code    40  stm32f4xx_hal_i2c.o(i.I2C_IsAcknowledgeFailed)
    i.I2C_RequestMemoryRead                  0x08002b84   Section        0  stm32f4xx_hal_i2c.o(i.I2C_RequestMemoryRead)
    I2C_RequestMemoryRead                    0x08002b85   Thumb Code   240  stm32f4xx_hal_i2c.o(i.I2C_RequestMemoryRead)
    i.I2C_WaitOnFlagUntilTimeout             0x08002c74   Section        0  stm32f4xx_hal_i2c.o(i.I2C_WaitOnFlagUntilTimeout)
    I2C_WaitOnFlagUntilTimeout               0x08002c75   Thumb Code    96  stm32f4xx_hal_i2c.o(i.I2C_WaitOnFlagUntilTimeout)
    i.I2C_WaitOnMasterAddressFlagUntilTimeout 0x08002cd4   Section        0  stm32f4xx_hal_i2c.o(i.I2C_WaitOnMasterAddressFlagUntilTimeout)
    I2C_WaitOnMasterAddressFlagUntilTimeout  0x08002cd5   Thumb Code   136  stm32f4xx_hal_i2c.o(i.I2C_WaitOnMasterAddressFlagUntilTimeout)
    i.I2C_WaitOnRXNEFlagUntilTimeout         0x08002d5c   Section        0  stm32f4xx_hal_i2c.o(i.I2C_WaitOnRXNEFlagUntilTimeout)
    I2C_WaitOnRXNEFlagUntilTimeout           0x08002d5d   Thumb Code    98  stm32f4xx_hal_i2c.o(i.I2C_WaitOnRXNEFlagUntilTimeout)
    i.I2C_WaitOnTXEFlagUntilTimeout          0x08002dbe   Section        0  stm32f4xx_hal_i2c.o(i.I2C_WaitOnTXEFlagUntilTimeout)
    I2C_WaitOnTXEFlagUntilTimeout            0x08002dbf   Thumb Code    78  stm32f4xx_hal_i2c.o(i.I2C_WaitOnTXEFlagUntilTimeout)
    i.LCD_Delay                              0x08002e0c   Section        0  stm32f429i_discovery.o(i.LCD_Delay)
    i.LCD_IO_Init                            0x08002e10   Section        0  stm32f429i_discovery.o(i.LCD_IO_Init)
    i.LCD_IO_ReadData                        0x08002eb8   Section        0  stm32f429i_discovery.o(i.LCD_IO_ReadData)
    i.LCD_IO_WriteData                       0x08002f24   Section        0  stm32f429i_discovery.o(i.LCD_IO_WriteData)
    i.LCD_IO_WriteReg                        0x08002f5c   Section        0  stm32f429i_discovery.o(i.LCD_IO_WriteReg)
    i.LTDC_SetConfig                         0x08002f94   Section        0  stm32f4xx_hal_ltdc.o(i.LTDC_SetConfig)
    LTDC_SetConfig                           0x08002f95   Thumb Code   354  stm32f4xx_hal_ltdc.o(i.LTDC_SetConfig)
    i.MX_DMA2D_Init                          0x080030f8   Section        0  main.o(i.MX_DMA2D_Init)
    MX_DMA2D_Init                            0x080030f9   Thumb Code    50  main.o(i.MX_DMA2D_Init)
    i.MX_FMC_Init                            0x08003134   Section        0  main.o(i.MX_FMC_Init)
    MX_FMC_Init                              0x08003135   Thumb Code    72  main.o(i.MX_FMC_Init)
    i.MX_GPIO_Init                           0x08003184   Section        0  main.o(i.MX_GPIO_Init)
    MX_GPIO_Init                             0x08003185   Thumb Code   174  main.o(i.MX_GPIO_Init)
    i.MX_I2C3_Init                           0x0800323c   Section        0  main.o(i.MX_I2C3_Init)
    MX_I2C3_Init                             0x0800323d   Thumb Code    44  main.o(i.MX_I2C3_Init)
    i.MX_LTDC_Init                           0x08003274   Section        0  main.o(i.MX_LTDC_Init)
    MX_LTDC_Init                             0x08003275   Thumb Code   186  main.o(i.MX_LTDC_Init)
    i.MX_SPI5_Init                           0x08003338   Section        0  main.o(i.MX_SPI5_Init)
    MX_SPI5_Init                             0x08003339   Thumb Code    54  main.o(i.MX_SPI5_Init)
    i.MemManage_Handler                      0x08003378   Section        0  stm32f4xx_it.o(i.MemManage_Handler)
    i.NMI_Handler                            0x0800337a   Section        0  stm32f4xx_it.o(i.NMI_Handler)
    i.NVIC_SetPriority                       0x0800337c   Section        0  stm32f4xx_hal_cortex.o(i.NVIC_SetPriority)
    NVIC_SetPriority                         0x0800337d   Thumb Code    32  stm32f4xx_hal_cortex.o(i.NVIC_SetPriority)
    i.PendSV_Handler                         0x0800339c   Section        0  stm32f4xx_it.o(i.PendSV_Handler)
    i.SPI_CheckFlag_BSY                      0x0800339e   Section        0  stm32f4xx_hal_spi.o(i.SPI_CheckFlag_BSY)
    SPI_CheckFlag_BSY                        0x0800339f   Thumb Code    32  stm32f4xx_hal_spi.o(i.SPI_CheckFlag_BSY)
    i.SPI_WaitFlagStateUntilTimeout          0x080033be   Section        0  stm32f4xx_hal_spi.o(i.SPI_WaitFlagStateUntilTimeout)
    SPI_WaitFlagStateUntilTimeout            0x080033bf   Thumb Code   150  stm32f4xx_hal_spi.o(i.SPI_WaitFlagStateUntilTimeout)
    i.SPIx_Error                             0x08003454   Section        0  stm32f429i_discovery.o(i.SPIx_Error)
    SPIx_Error                               0x08003455   Thumb Code    16  stm32f429i_discovery.o(i.SPIx_Error)
    i.SPIx_Init                              0x08003468   Section        0  stm32f429i_discovery.o(i.SPIx_Init)
    SPIx_Init                                0x08003469   Thumb Code   138  stm32f429i_discovery.o(i.SPIx_Init)
    i.SPIx_Write                             0x08003504   Section        0  stm32f429i_discovery.o(i.SPIx_Write)
    SPIx_Write                               0x08003505   Thumb Code    26  stm32f429i_discovery.o(i.SPIx_Write)
    i.SVC_Handler                            0x08003528   Section        0  stm32f4xx_it.o(i.SVC_Handler)
    i.SysTick_Handler                        0x0800352a   Section        0  stm32f4xx_it.o(i.SysTick_Handler)
    i.SystemClock_Config                     0x08003538   Section        0  main.o(i.SystemClock_Config)
    i.SystemInit                             0x080035f4   Section        0  system_stm32f4xx.o(i.SystemInit)
    i.UsageFault_Handler                     0x08003648   Section        0  stm32f4xx_it.o(i.UsageFault_Handler)
    i.__scatterload_copy                     0x0800364a   Section       14  handlers.o(i.__scatterload_copy)
    i.__scatterload_null                     0x08003658   Section        2  handlers.o(i.__scatterload_null)
    i.__scatterload_zeroinit                 0x0800365a   Section       14  handlers.o(i.__scatterload_zeroinit)
    i.ili9341_DisplayOff                     0x08003668   Section        0  ili9341.o(i.ili9341_DisplayOff)
    i.ili9341_DisplayOn                      0x0800366e   Section        0  ili9341.o(i.ili9341_DisplayOn)
    i.ili9341_GetLcdPixelHeight              0x08003674   Section        0  ili9341.o(i.ili9341_GetLcdPixelHeight)
    i.ili9341_GetLcdPixelWidth               0x0800367a   Section        0  ili9341.o(i.ili9341_GetLcdPixelWidth)
    i.ili9341_Init                           0x0800367e   Section        0  ili9341.o(i.ili9341_Init)
    i.ili9341_ReadID                         0x08003910   Section        0  ili9341.o(i.ili9341_ReadID)
    i.main                                   0x08003924   Section        0  main.o(i.main)
    .constdata                               0x08003a04   Section       16  system_stm32f4xx.o(.constdata)
    .constdata                               0x08003a14   Section        8  system_stm32f4xx.o(.constdata)
    .constdata                               0x08003a1c   Section        8  stm32f4xx_hal_dma.o(.constdata)
    flagBitshiftOffset                       0x08003a1c   Data           8  stm32f4xx_hal_dma.o(.constdata)
    .constdata                               0x08003a24   Section     6840  stm32f429i_discovery_lcd.o(.constdata)
    .data                                    0x20000000   Section        4  system_stm32f4xx.o(.data)
    .data                                    0x20000004   Section        8  stm32f4xx_hal_msp.o(.data)
    FMC_Initialized                          0x20000004   Data           4  stm32f4xx_hal_msp.o(.data)
    FMC_DeInitialized                        0x20000008   Data           4  stm32f4xx_hal_msp.o(.data)
    .data                                    0x2000000c   Section        8  main.o(.data)
    .data                                    0x20000014   Section       12  stm32f4xx_hal.o(.data)
    .data                                    0x20000020   Section       24  stm32f429i_discovery.o(.data)
    Is_LCD_IO_Initialized                    0x20000020   Data           1  stm32f429i_discovery.o(.data)
    .data                                    0x20000038   Section       16  stm32f429i_discovery_lcd.o(.data)
    ActiveLayer                              0x20000038   Data           4  stm32f429i_discovery_lcd.o(.data)
    .data                                    0x20000048   Section        1  stm32f429i_discovery_sdram.o(.data)
    sdramstatus                              0x20000048   Data           1  stm32f429i_discovery_sdram.o(.data)
    .data                                    0x2000004c   Section       56  ili9341.o(.data)
    .bss                                     0x20000084   Section      456  main.o(.bss)
    .bss                                     0x2000024c   Section      172  stm32f429i_discovery.o(.bss)
    SpiHandle                                0x200002a0   Data          88  stm32f429i_discovery.o(.bss)
    .bss                                     0x200002f8   Section      304  stm32f429i_discovery_lcd.o(.bss)
    Dma2dHandler                             0x200003a0   Data          64  stm32f429i_discovery_lcd.o(.bss)
    PeriphClkInitStruct                      0x200003e0   Data          48  stm32f429i_discovery_lcd.o(.bss)
    DrawProp                                 0x20000410   Data          24  stm32f429i_discovery_lcd.o(.bss)
    .bss                                     0x20000428   Section      288  stm32f429i_discovery_sdram.o(.bss)
    dmaHandle                                0x20000428   Data          96  stm32f429i_discovery_sdram.o(.bss)
    dma_handle                               0x20000488   Data          96  stm32f429i_discovery_sdram.o(.bss)
    SdramHandle                              0x200004e8   Data          52  stm32f429i_discovery_sdram.o(.bss)
    Timing                                   0x2000051c   Data          28  stm32f429i_discovery_sdram.o(.bss)
    Command                                  0x20000538   Data          16  stm32f429i_discovery_sdram.o(.bss)
    STACK                                    0x20000548   Section     1024  startup_stm32f429xx.o(STACK)

    Global Symbols

    Symbol Name                              Value     Ov Type        Size  Object(Section)

    BuildAttributes$$THM_ISAv4$E$P$D$K$B$S$7EM$VFPi3$EXTD16$VFPS$VFMA$PE$A:L22UL41UL21$X:L11$S22US41US21$IEEE1$IW$USESV6$~STKCKD$USESV7$~SHL$OSPACE$EBA8$MICROLIB$REQ8$PRES8$EABIv2 0x00000000   Number         0  anon$$obj.o ABSOLUTE
    __ARM_use_no_argv                        0x00000000   Number         0  main.o ABSOLUTE
    __cpp_initialize__aeabi_                  - Undefined Weak Reference
    __cxa_finalize                            - Undefined Weak Reference
    __decompress                              - Undefined Weak Reference
    _clock_init                               - Undefined Weak Reference
    _microlib_exit                            - Undefined Weak Reference
    __Vectors_Size                           0x000001ac   Number         0  startup_stm32f429xx.o ABSOLUTE
    __Vectors                                0x08000000   Data           4  startup_stm32f429xx.o(RESET)
    __Vectors_End                            0x080001ac   Data           0  startup_stm32f429xx.o(RESET)
    __main                                   0x080001ad   Thumb Code     0  entry.o(.ARM.Collect$$$$00000000)
    _main_stk                                0x080001ad   Thumb Code     0  entry2.o(.ARM.Collect$$$$00000001)
    _main_scatterload                        0x080001b1   Thumb Code     0  entry5.o(.ARM.Collect$$$$00000004)
    __main_after_scatterload                 0x080001b5   Thumb Code     0  entry5.o(.ARM.Collect$$$$00000004)
    _main_clock                              0x080001b5   Thumb Code     0  entry7b.o(.ARM.Collect$$$$00000008)
    _main_cpp_init                           0x080001b5   Thumb Code     0  entry8b.o(.ARM.Collect$$$$0000000A)
    _main_init                               0x080001b5   Thumb Code     0  entry9a.o(.ARM.Collect$$$$0000000B)
    __rt_final_cpp                           0x080001bd   Thumb Code     0  entry10a.o(.ARM.Collect$$$$0000000D)
    __rt_final_exit                          0x080001bd   Thumb Code     0  entry11a.o(.ARM.Collect$$$$0000000F)
    Reset_Handler                            0x080001c1   Thumb Code     8  startup_stm32f429xx.o(.text)
    ADC_IRQHandler                           0x080001db   Thumb Code     0  startup_stm32f429xx.o(.text)
    CAN1_RX0_IRQHandler                      0x080001db   Thumb Code     0  startup_stm32f429xx.o(.text)
    CAN1_RX1_IRQHandler                      0x080001db   Thumb Code     0  startup_stm32f429xx.o(.text)
    CAN1_SCE_IRQHandler                      0x080001db   Thumb Code     0  startup_stm32f429xx.o(.text)
    CAN1_TX_IRQHandler                       0x080001db   Thumb Code     0  startup_stm32f429xx.o(.text)
    CAN2_RX0_IRQHandler                      0x080001db   Thumb Code     0  startup_stm32f429xx.o(.text)
    CAN2_RX1_IRQHandler                      0x080001db   Thumb Code     0  startup_stm32f429xx.o(.text)
    CAN2_SCE_IRQHandler                      0x080001db   Thumb Code     0  startup_stm32f429xx.o(.text)
    CAN2_TX_IRQHandler                       0x080001db   Thumb Code     0  startup_stm32f429xx.o(.text)
    DCMI_IRQHandler                          0x080001db   Thumb Code     0  startup_stm32f429xx.o(.text)
    DMA1_Stream0_IRQHandler                  0x080001db   Thumb Code     0  startup_stm32f429xx.o(.text)
    DMA1_Stream1_IRQHandler                  0x080001db   Thumb Code     0  startup_stm32f429xx.o(.text)
    DMA1_Stream2_IRQHandler                  0x080001db   Thumb Code     0  startup_stm32f429xx.o(.text)
    DMA1_Stream3_IRQHandler                  0x080001db   Thumb Code     0  startup_stm32f429xx.o(.text)
    DMA1_Stream4_IRQHandler                  0x080001db   Thumb Code     0  startup_stm32f429xx.o(.text)
    DMA1_Stream5_IRQHandler                  0x080001db   Thumb Code     0  startup_stm32f429xx.o(.text)
    DMA1_Stream6_IRQHandler                  0x080001db   Thumb Code     0  startup_stm32f429xx.o(.text)
    DMA1_Stream7_IRQHandler                  0x080001db   Thumb Code     0  startup_stm32f429xx.o(.text)
    DMA2D_IRQHandler                         0x080001db   Thumb Code     0  startup_stm32f429xx.o(.text)
    DMA2_Stream0_IRQHandler                  0x080001db   Thumb Code     0  startup_stm32f429xx.o(.text)
    DMA2_Stream1_IRQHandler                  0x080001db   Thumb Code     0  startup_stm32f429xx.o(.text)
    DMA2_Stream2_IRQHandler                  0x080001db   Thumb Code     0  startup_stm32f429xx.o(.text)
    DMA2_Stream3_IRQHandler                  0x080001db   Thumb Code     0  startup_stm32f429xx.o(.text)
    DMA2_Stream4_IRQHandler                  0x080001db   Thumb Code     0  startup_stm32f429xx.o(.text)
    DMA2_Stream5_IRQHandler                  0x080001db   Thumb Code     0  startup_stm32f429xx.o(.text)
    DMA2_Stream6_IRQHandler                  0x080001db   Thumb Code     0  startup_stm32f429xx.o(.text)
    DMA2_Stream7_IRQHandler                  0x080001db   Thumb Code     0  startup_stm32f429xx.o(.text)
    ETH_IRQHandler                           0x080001db   Thumb Code     0  startup_stm32f429xx.o(.text)
    ETH_WKUP_IRQHandler                      0x080001db   Thumb Code     0  startup_stm32f429xx.o(.text)
    EXTI0_IRQHandler                         0x080001db   Thumb Code     0  startup_stm32f429xx.o(.text)
    EXTI15_10_IRQHandler                     0x080001db   Thumb Code     0  startup_stm32f429xx.o(.text)
    EXTI1_IRQHandler                         0x080001db   Thumb Code     0  startup_stm32f429xx.o(.text)
    EXTI2_IRQHandler                         0x080001db   Thumb Code     0  startup_stm32f429xx.o(.text)
    EXTI3_IRQHandler                         0x080001db   Thumb Code     0  startup_stm32f429xx.o(.text)
    EXTI4_IRQHandler                         0x080001db   Thumb Code     0  startup_stm32f429xx.o(.text)
    EXTI9_5_IRQHandler                       0x080001db   Thumb Code     0  startup_stm32f429xx.o(.text)
    FLASH_IRQHandler                         0x080001db   Thumb Code     0  startup_stm32f429xx.o(.text)
    FMC_IRQHandler                           0x080001db   Thumb Code     0  startup_stm32f429xx.o(.text)
    FPU_IRQHandler                           0x080001db   Thumb Code     0  startup_stm32f429xx.o(.text)
    HASH_RNG_IRQHandler                      0x080001db   Thumb Code     0  startup_stm32f429xx.o(.text)
    I2C1_ER_IRQHandler                       0x080001db   Thumb Code     0  startup_stm32f429xx.o(.text)
    I2C1_EV_IRQHandler                       0x080001db   Thumb Code     0  startup_stm32f429xx.o(.text)
    I2C2_ER_IRQHandler                       0x080001db   Thumb Code     0  startup_stm32f429xx.o(.text)
    I2C2_EV_IRQHandler                       0x080001db   Thumb Code     0  startup_stm32f429xx.o(.text)
    I2C3_ER_IRQHandler                       0x080001db   Thumb Code     0  startup_stm32f429xx.o(.text)
    I2C3_EV_IRQHandler                       0x080001db   Thumb Code     0  startup_stm32f429xx.o(.text)
    LTDC_ER_IRQHandler                       0x080001db   Thumb Code     0  startup_stm32f429xx.o(.text)
    LTDC_IRQHandler                          0x080001db   Thumb Code     0  startup_stm32f429xx.o(.text)
    OTG_FS_IRQHandler                        0x080001db   Thumb Code     0  startup_stm32f429xx.o(.text)
    OTG_FS_WKUP_IRQHandler                   0x080001db   Thumb Code     0  startup_stm32f429xx.o(.text)
    OTG_HS_EP1_IN_IRQHandler                 0x080001db   Thumb Code     0  startup_stm32f429xx.o(.text)
    OTG_HS_EP1_OUT_IRQHandler                0x080001db   Thumb Code     0  startup_stm32f429xx.o(.text)
    OTG_HS_IRQHandler                        0x080001db   Thumb Code     0  startup_stm32f429xx.o(.text)
    OTG_HS_WKUP_IRQHandler                   0x080001db   Thumb Code     0  startup_stm32f429xx.o(.text)
    PVD_IRQHandler                           0x080001db   Thumb Code     0  startup_stm32f429xx.o(.text)
    RCC_IRQHandler                           0x080001db   Thumb Code     0  startup_stm32f429xx.o(.text)
    RTC_Alarm_IRQHandler                     0x080001db   Thumb Code     0  startup_stm32f429xx.o(.text)
    RTC_WKUP_IRQHandler                      0x080001db   Thumb Code     0  startup_stm32f429xx.o(.text)
    SAI1_IRQHandler                          0x080001db   Thumb Code     0  startup_stm32f429xx.o(.text)
    SDIO_IRQHandler                          0x080001db   Thumb Code     0  startup_stm32f429xx.o(.text)
    SPI1_IRQHandler                          0x080001db   Thumb Code     0  startup_stm32f429xx.o(.text)
    SPI2_IRQHandler                          0x080001db   Thumb Code     0  startup_stm32f429xx.o(.text)
    SPI3_IRQHandler                          0x080001db   Thumb Code     0  startup_stm32f429xx.o(.text)
    SPI4_IRQHandler                          0x080001db   Thumb Code     0  startup_stm32f429xx.o(.text)
    SPI5_IRQHandler                          0x080001db   Thumb Code     0  startup_stm32f429xx.o(.text)
    SPI6_IRQHandler                          0x080001db   Thumb Code     0  startup_stm32f429xx.o(.text)
    TAMP_STAMP_IRQHandler                    0x080001db   Thumb Code     0  startup_stm32f429xx.o(.text)
    TIM1_BRK_TIM9_IRQHandler                 0x080001db   Thumb Code     0  startup_stm32f429xx.o(.text)
    TIM1_CC_IRQHandler                       0x080001db   Thumb Code     0  startup_stm32f429xx.o(.text)
    TIM1_TRG_COM_TIM11_IRQHandler            0x080001db   Thumb Code     0  startup_stm32f429xx.o(.text)
    TIM1_UP_TIM10_IRQHandler                 0x080001db   Thumb Code     0  startup_stm32f429xx.o(.text)
    TIM2_IRQHandler                          0x080001db   Thumb Code     0  startup_stm32f429xx.o(.text)
    TIM3_IRQHandler                          0x080001db   Thumb Code     0  startup_stm32f429xx.o(.text)
    TIM4_IRQHandler                          0x080001db   Thumb Code     0  startup_stm32f429xx.o(.text)
    TIM5_IRQHandler                          0x080001db   Thumb Code     0  startup_stm32f429xx.o(.text)
    TIM6_DAC_IRQHandler                      0x080001db   Thumb Code     0  startup_stm32f429xx.o(.text)
    TIM7_IRQHandler                          0x080001db   Thumb Code     0  startup_stm32f429xx.o(.text)
    TIM8_BRK_TIM12_IRQHandler                0x080001db   Thumb Code     0  startup_stm32f429xx.o(.text)
    TIM8_CC_IRQHandler                       0x080001db   Thumb Code     0  startup_stm32f429xx.o(.text)
    TIM8_TRG_COM_TIM14_IRQHandler            0x080001db   Thumb Code     0  startup_stm32f429xx.o(.text)
    TIM8_UP_TIM13_IRQHandler                 0x080001db   Thumb Code     0  startup_stm32f429xx.o(.text)
    UART4_IRQHandler                         0x080001db   Thumb Code     0  startup_stm32f429xx.o(.text)
    UART5_IRQHandler                         0x080001db   Thumb Code     0  startup_stm32f429xx.o(.text)
    UART7_IRQHandler                         0x080001db   Thumb Code     0  startup_stm32f429xx.o(.text)
    UART8_IRQHandler                         0x080001db   Thumb Code     0  startup_stm32f429xx.o(.text)
    USART1_IRQHandler                        0x080001db   Thumb Code     0  startup_stm32f429xx.o(.text)
    USART2_IRQHandler                        0x080001db   Thumb Code     0  startup_stm32f429xx.o(.text)
    USART3_IRQHandler                        0x080001db   Thumb Code     0  startup_stm32f429xx.o(.text)
    USART6_IRQHandler                        0x080001db   Thumb Code     0  startup_stm32f429xx.o(.text)
    WWDG_IRQHandler                          0x080001db   Thumb Code     0  startup_stm32f429xx.o(.text)
    __aeabi_uldivmod                         0x080001e5   Thumb Code    98  uldiv.o(.text)
    __aeabi_memcpy                           0x08000247   Thumb Code    36  memcpya.o(.text)
    __aeabi_memcpy4                          0x08000247   Thumb Code     0  memcpya.o(.text)
    __aeabi_memcpy8                          0x08000247   Thumb Code     0  memcpya.o(.text)
    __aeabi_llsl                             0x0800026b   Thumb Code    30  llshl.o(.text)
    _ll_shift_l                              0x0800026b   Thumb Code     0  llshl.o(.text)
    __aeabi_llsr                             0x08000289   Thumb Code    32  llushr.o(.text)
    _ll_ushift_r                             0x08000289   Thumb Code     0  llushr.o(.text)
    __scatterload                            0x080002a9   Thumb Code    28  init.o(.text)
    __scatterload_rt2                        0x080002a9   Thumb Code     0  init.o(.text)
    BSP_LCD_Clear                            0x080002cd   Thumb Code    50  stm32f429i_discovery_lcd.o(i.BSP_LCD_Clear)
    BSP_LCD_DisplayChar                      0x08000309   Thumb Code    44  stm32f429i_discovery_lcd.o(i.BSP_LCD_DisplayChar)
    BSP_LCD_DisplayOn                        0x0800033d   Thumb Code    14  stm32f429i_discovery_lcd.o(i.BSP_LCD_DisplayOn)
    BSP_LCD_DisplayStringAt                  0x08000351   Thumb Code   188  stm32f429i_discovery_lcd.o(i.BSP_LCD_DisplayStringAt)
    BSP_LCD_DisplayStringAtLine              0x08000415   Thumb Code    28  stm32f429i_discovery_lcd.o(i.BSP_LCD_DisplayStringAtLine)
    BSP_LCD_DrawPixel                        0x08000431   Thumb Code    42  stm32f429i_discovery_lcd.o(i.BSP_LCD_DrawPixel)
    BSP_LCD_GetFont                          0x08000465   Thumb Code    18  stm32f429i_discovery_lcd.o(i.BSP_LCD_GetFont)
    BSP_LCD_GetXSize                         0x08000481   Thumb Code     8  stm32f429i_discovery_lcd.o(i.BSP_LCD_GetXSize)
    BSP_LCD_GetYSize                         0x0800048d   Thumb Code     8  stm32f429i_discovery_lcd.o(i.BSP_LCD_GetYSize)
    BSP_LCD_Init                             0x08000499   Thumb Code   130  stm32f429i_discovery_lcd.o(i.BSP_LCD_Init)
    BSP_LCD_LayerDefaultInit                 0x0800052d   Thumb Code   116  stm32f429i_discovery_lcd.o(i.BSP_LCD_LayerDefaultInit)
    BSP_LCD_MspInit                          0x080005ad   Thumb Code   270  stm32f429i_discovery_lcd.o(i.BSP_LCD_MspInit)
    BSP_LCD_SelectLayer                      0x080006d9   Thumb Code     6  stm32f429i_discovery_lcd.o(i.BSP_LCD_SelectLayer)
    BSP_LCD_SetFont                          0x080006e5   Thumb Code    18  stm32f429i_discovery_lcd.o(i.BSP_LCD_SetFont)
    BSP_LCD_SetTextColor                     0x08000701   Thumb Code    16  stm32f429i_discovery_lcd.o(i.BSP_LCD_SetTextColor)
    BSP_SDRAM_Init                           0x08000719   Thumb Code   106  stm32f429i_discovery_sdram.o(i.BSP_SDRAM_Init)
    BSP_SDRAM_Initialization_sequence        0x08000791   Thumb Code   132  stm32f429i_discovery_sdram.o(i.BSP_SDRAM_Initialization_sequence)
    BSP_SDRAM_MspInit                        0x08000819   Thumb Code   320  stm32f429i_discovery_sdram.o(i.BSP_SDRAM_MspInit)
    BusFault_Handler                         0x0800097d   Thumb Code     2  stm32f4xx_it.o(i.BusFault_Handler)
    DebugMon_Handler                         0x08000a91   Thumb Code     2  stm32f4xx_it.o(i.DebugMon_Handler)
    FMC_SDRAM_Init                           0x08000b49   Thumb Code    80  stm32f4xx_ll_fmc.o(i.FMC_SDRAM_Init)
    FMC_SDRAM_ProgramRefreshRate             0x08000b99   Thumb Code    12  stm32f4xx_ll_fmc.o(i.FMC_SDRAM_ProgramRefreshRate)
    FMC_SDRAM_SendCommand                    0x08000ba5   Thumb Code    72  stm32f4xx_ll_fmc.o(i.FMC_SDRAM_SendCommand)
    FMC_SDRAM_Timing_Init                    0x08000bed   Thumb Code   124  stm32f4xx_ll_fmc.o(i.FMC_SDRAM_Timing_Init)
    HAL_DMA2D_ConfigLayer                    0x08000ccd   Thumb Code   162  stm32f4xx_hal_dma2d.o(i.HAL_DMA2D_ConfigLayer)
    HAL_DMA2D_Init                           0x08000d75   Thumb Code    90  stm32f4xx_hal_dma2d.o(i.HAL_DMA2D_Init)
    HAL_DMA2D_MspInit                        0x08000dd1   Thumb Code    30  stm32f4xx_hal_msp.o(i.HAL_DMA2D_MspInit)
    HAL_DMA2D_PollForTransfer                0x08000df9   Thumb Code   268  stm32f4xx_hal_dma2d.o(i.HAL_DMA2D_PollForTransfer)
    HAL_DMA2D_Start                          0x08000f05   Thumb Code    52  stm32f4xx_hal_dma2d.o(i.HAL_DMA2D_Start)
    HAL_DMA_DeInit                           0x08000f39   Thumb Code    86  stm32f4xx_hal_dma.o(i.HAL_DMA_DeInit)
    HAL_DMA_Init                             0x08000f91   Thumb Code   206  stm32f4xx_hal_dma.o(i.HAL_DMA_Init)
    HAL_Delay                                0x08001065   Thumb Code    32  stm32f4xx_hal.o(i.HAL_Delay)
    HAL_GPIO_DeInit                          0x0800115d   Thumb Code   320  stm32f4xx_hal_gpio.o(i.HAL_GPIO_DeInit)
    HAL_GPIO_Init                            0x080012cd   Thumb Code   408  stm32f4xx_hal_gpio.o(i.HAL_GPIO_Init)
    HAL_GPIO_WritePin                        0x08001499   Thumb Code    10  stm32f4xx_hal_gpio.o(i.HAL_GPIO_WritePin)
    HAL_GetTick                              0x080014a5   Thumb Code     6  stm32f4xx_hal.o(i.HAL_GetTick)
    HAL_I2C_Init                             0x080014b1   Thumb Code   254  stm32f4xx_hal_i2c.o(i.HAL_I2C_Init)
    HAL_I2C_IsDeviceReady                    0x080015b9   Thumb Code   344  stm32f4xx_hal_i2c.o(i.HAL_I2C_IsDeviceReady)
    HAL_I2C_Mem_Read                         0x08001719   Thumb Code   496  stm32f4xx_hal_i2c.o(i.HAL_I2C_Mem_Read)
    HAL_I2C_MspInit                          0x08001915   Thumb Code    70  stm32f4xx_hal_msp.o(i.HAL_I2C_MspInit)
    HAL_IncTick                              0x0800196d   Thumb Code    12  stm32f4xx_hal.o(i.HAL_IncTick)
    HAL_Init                                 0x0800197d   Thumb Code    48  stm32f4xx_hal.o(i.HAL_Init)
    HAL_InitTick                             0x080019b1   Thumb Code    54  stm32f4xx_hal.o(i.HAL_InitTick)
    HAL_LTDC_ConfigLayer                     0x080019f1   Thumb Code    82  stm32f4xx_hal_ltdc.o(i.HAL_LTDC_ConfigLayer)
    HAL_LTDC_EnableDither                    0x08001a45   Thumb Code    42  stm32f4xx_hal_ltdc.o(i.HAL_LTDC_EnableDither)
    HAL_LTDC_Init                            0x08001a75   Thumb Code   238  stm32f4xx_hal_ltdc.o(i.HAL_LTDC_Init)
    HAL_LTDC_MspInit                         0x08001b69   Thumb Code   226  stm32f4xx_hal_msp.o(i.HAL_LTDC_MspInit)
    HAL_MspInit                              0x08001c6d   Thumb Code    88  stm32f4xx_hal_msp.o(i.HAL_MspInit)
    HAL_NVIC_EnableIRQ                       0x08001cc5   Thumb Code    22  stm32f4xx_hal_cortex.o(i.HAL_NVIC_EnableIRQ)
    HAL_NVIC_SetPriority                     0x08001cdd   Thumb Code    60  stm32f4xx_hal_cortex.o(i.HAL_NVIC_SetPriority)
    HAL_NVIC_SetPriorityGrouping             0x08001d1d   Thumb Code    26  stm32f4xx_hal_cortex.o(i.HAL_NVIC_SetPriorityGrouping)
    HAL_PWREx_EnableOverDrive                0x08001d41   Thumb Code    98  stm32f4xx_hal_pwr_ex.o(i.HAL_PWREx_EnableOverDrive)
    HAL_RCCEx_PeriphCLKConfig                0x08001db1   Thumb Code   528  stm32f4xx_hal_rcc_ex.o(i.HAL_RCCEx_PeriphCLKConfig)
    HAL_RCC_ClockConfig                      0x08001fe5   Thumb Code   286  stm32f4xx_hal_rcc.o(i.HAL_RCC_ClockConfig)
    HAL_RCC_GetHCLKFreq                      0x08002115   Thumb Code     6  stm32f4xx_hal_rcc.o(i.HAL_RCC_GetHCLKFreq)
    HAL_RCC_GetPCLK1Freq                     0x08002121   Thumb Code    20  stm32f4xx_hal_rcc.o(i.HAL_RCC_GetPCLK1Freq)
    HAL_RCC_GetSysClockFreq                  0x08002141   Thumb Code    88  stm32f4xx_hal_rcc.o(i.HAL_RCC_GetSysClockFreq)
    HAL_RCC_OscConfig                        0x080021a1   Thumb Code   770  stm32f4xx_hal_rcc.o(i.HAL_RCC_OscConfig)
    HAL_SDRAM_Init                           0x080024bd   Thumb Code    66  stm32f4xx_hal_sdram.o(i.HAL_SDRAM_Init)
    HAL_SDRAM_MspInit                        0x080024ff   Thumb Code     4  stm32f4xx_hal_msp.o(i.HAL_SDRAM_MspInit)
    HAL_SDRAM_ProgramRefreshRate             0x08002503   Thumb Code    34  stm32f4xx_hal_sdram.o(i.HAL_SDRAM_ProgramRefreshRate)
    HAL_SDRAM_SendCommand                    0x08002525   Thumb Code    48  stm32f4xx_hal_sdram.o(i.HAL_SDRAM_SendCommand)
    HAL_SPI_DeInit                           0x08002555   Thumb Code    46  stm32f4xx_hal_spi.o(i.HAL_SPI_DeInit)
    HAL_SPI_GetState                         0x08002583   Thumb Code     6  stm32f4xx_hal_spi.o(i.HAL_SPI_GetState)
    HAL_SPI_Init                             0x08002589   Thumb Code   128  stm32f4xx_hal_spi.o(i.HAL_SPI_Init)
    HAL_SPI_MspDeInit                        0x08002609   Thumb Code    30  stm32f4xx_hal_msp.o(i.HAL_SPI_MspDeInit)
    HAL_SPI_MspInit                          0x08002635   Thumb Code    64  stm32f4xx_hal_msp.o(i.HAL_SPI_MspInit)
    HAL_SPI_Receive                          0x08002681   Thumb Code   336  stm32f4xx_hal_spi.o(i.HAL_SPI_Receive)
    HAL_SPI_Transmit                         0x080027d1   Thumb Code   360  stm32f4xx_hal_spi.o(i.HAL_SPI_Transmit)
    HAL_SPI_TransmitReceive                  0x08002939   Thumb Code   472  stm32f4xx_hal_spi.o(i.HAL_SPI_TransmitReceive)
    HAL_SYSTICK_CLKSourceConfig              0x08002b11   Thumb Code    24  stm32f4xx_hal_cortex.o(i.HAL_SYSTICK_CLKSourceConfig)
    HAL_SYSTICK_Callback                     0x08002b29   Thumb Code     2  stm32f4xx_hal_cortex.o(i.HAL_SYSTICK_Callback)
    HAL_SYSTICK_Config                       0x08002b2b   Thumb Code    40  stm32f4xx_hal_cortex.o(i.HAL_SYSTICK_Config)
    HAL_SYSTICK_IRQHandler                   0x08002b53   Thumb Code     8  stm32f4xx_hal_cortex.o(i.HAL_SYSTICK_IRQHandler)
    HardFault_Handler                        0x08002b5b   Thumb Code     2  stm32f4xx_it.o(i.HardFault_Handler)
    LCD_Delay                                0x08002e0d   Thumb Code     4  stm32f429i_discovery.o(i.LCD_Delay)
    LCD_IO_Init                              0x08002e11   Thumb Code   150  stm32f429i_discovery.o(i.LCD_IO_Init)
    LCD_IO_ReadData                          0x08002eb9   Thumb Code    92  stm32f429i_discovery.o(i.LCD_IO_ReadData)
    LCD_IO_WriteData                         0x08002f25   Thumb Code    46  stm32f429i_discovery.o(i.LCD_IO_WriteData)
    LCD_IO_WriteReg                          0x08002f5d   Thumb Code    48  stm32f429i_discovery.o(i.LCD_IO_WriteReg)
    MemManage_Handler                        0x08003379   Thumb Code     2  stm32f4xx_it.o(i.MemManage_Handler)
    NMI_Handler                              0x0800337b   Thumb Code     2  stm32f4xx_it.o(i.NMI_Handler)
    PendSV_Handler                           0x0800339d   Thumb Code     2  stm32f4xx_it.o(i.PendSV_Handler)
    SVC_Handler                              0x08003529   Thumb Code     2  stm32f4xx_it.o(i.SVC_Handler)
    SysTick_Handler                          0x0800352b   Thumb Code    14  stm32f4xx_it.o(i.SysTick_Handler)
    SystemClock_Config                       0x08003539   Thumb Code   178  main.o(i.SystemClock_Config)
    SystemInit                               0x080035f5   Thumb Code    66  system_stm32f4xx.o(i.SystemInit)
    UsageFault_Handler                       0x08003649   Thumb Code     2  stm32f4xx_it.o(i.UsageFault_Handler)
    __scatterload_copy                       0x0800364b   Thumb Code    14  handlers.o(i.__scatterload_copy)
    __scatterload_null                       0x08003659   Thumb Code     2  handlers.o(i.__scatterload_null)
    __scatterload_zeroinit                   0x0800365b   Thumb Code    14  handlers.o(i.__scatterload_zeroinit)
    ili9341_DisplayOff                       0x08003669   Thumb Code     6  ili9341.o(i.ili9341_DisplayOff)
    ili9341_DisplayOn                        0x0800366f   Thumb Code     6  ili9341.o(i.ili9341_DisplayOn)
    ili9341_GetLcdPixelHeight                0x08003675   Thumb Code     6  ili9341.o(i.ili9341_GetLcdPixelHeight)
    ili9341_GetLcdPixelWidth                 0x0800367b   Thumb Code     4  ili9341.o(i.ili9341_GetLcdPixelWidth)
    ili9341_Init                             0x0800367f   Thumb Code   658  ili9341.o(i.ili9341_Init)
    ili9341_ReadID                           0x08003911   Thumb Code    18  ili9341.o(i.ili9341_ReadID)
    main                                     0x08003925   Thumb Code   180  main.o(i.main)
    AHBPrescTable                            0x08003a04   Data          16  system_stm32f4xx.o(.constdata)
    APBPrescTable                            0x08003a14   Data           8  system_stm32f4xx.o(.constdata)
    Font24_Table                             0x08003a24   Data        6840  stm32f429i_discovery_lcd.o(.constdata)
    Region$$Table$$Base                      0x080054dc   Number         0  anon$$obj.o(Region$$Table)
    Region$$Table$$Limit                     0x080054fc   Number         0  anon$$obj.o(Region$$Table)
    SystemCoreClock                          0x20000000   Data           4  system_stm32f4xx.o(.data)
    i2cBuf                                   0x2000000c   Data           8  main.o(.data)
    uwTickFreq                               0x20000014   Data           1  stm32f4xx_hal.o(.data)
    uwTickPrio                               0x20000018   Data           4  stm32f4xx_hal.o(.data)
    uwTick                                   0x2000001c   Data           4  stm32f4xx_hal.o(.data)
    BUTTON_PORT                              0x20000024   Data           4  stm32f429i_discovery.o(.data)
    I2cxTimeout                              0x20000028   Data           4  stm32f429i_discovery.o(.data)
    SpixTimeout                              0x2000002c   Data           4  stm32f429i_discovery.o(.data)
    GPIO_PORT                                0x20000030   Data           8  stm32f429i_discovery.o(.data)
    LcdDrv                                   0x2000003c   Data           4  stm32f429i_discovery_lcd.o(.data)
    Font24                                   0x20000040   Data           8  stm32f429i_discovery_lcd.o(.data)
    ili9341_drv                              0x2000004c   Data          56  ili9341.o(.data)
    hdma2d                                   0x20000084   Data          64  main.o(.bss)
    hi2c3                                    0x200000c4   Data          84  main.o(.bss)
    hltdc                                    0x20000118   Data         168  main.o(.bss)
    hspi5                                    0x200001c0   Data          88  main.o(.bss)
    hsdram1                                  0x20000218   Data          52  main.o(.bss)
    I2cHandle                                0x2000024c   Data          84  stm32f429i_discovery.o(.bss)
    LtdcHandler                              0x200002f8   Data         168  stm32f429i_discovery_lcd.o(.bss)
    __initial_sp                             0x20000948   Data           0  startup_stm32f429xx.o(STACK)



==============================================================================

Memory Map of the image

  Image Entry point : 0x080001ad

  Load Region LR_IROM1 (Base: 0x08000000, Size: 0x00005580, Max: 0x00200000, ABSOLUTE)

    Execution Region ER_IROM1 (Base: 0x08000000, Size: 0x000054fc, Max: 0x00200000, ABSOLUTE)

    Base Addr    Size         Type   Attr      Idx    E Section Name        Object

    0x08000000   0x000001ac   Data   RO            3    RESET               startup_stm32f429xx.o
    0x080001ac   0x00000000   Code   RO         3975  * .ARM.Collect$$$$00000000  mc_w.l(entry.o)
    0x080001ac   0x00000004   Code   RO         3984    .ARM.Collect$$$$00000001  mc_w.l(entry2.o)
    0x080001b0   0x00000004   Code   RO         3987    .ARM.Collect$$$$00000004  mc_w.l(entry5.o)
    0x080001b4   0x00000000   Code   RO         3989    .ARM.Collect$$$$00000008  mc_w.l(entry7b.o)
    0x080001b4   0x00000000   Code   RO         3991    .ARM.Collect$$$$0000000A  mc_w.l(entry8b.o)
    0x080001b4   0x00000008   Code   RO         3992    .ARM.Collect$$$$0000000B  mc_w.l(entry9a.o)
    0x080001bc   0x00000000   Code   RO         3994    .ARM.Collect$$$$0000000D  mc_w.l(entry10a.o)
    0x080001bc   0x00000000   Code   RO         3996    .ARM.Collect$$$$0000000F  mc_w.l(entry11a.o)
    0x080001bc   0x00000004   Code   RO         3985    .ARM.Collect$$$$00002712  mc_w.l(entry2.o)
    0x080001c0   0x00000024   Code   RO            4    .text               startup_stm32f429xx.o
    0x080001e4   0x00000062   Code   RO         3978    .text               mc_w.l(uldiv.o)
    0x08000246   0x00000024   Code   RO         3980    .text               mc_w.l(memcpya.o)
    0x0800026a   0x0000001e   Code   RO         3998    .text               mc_w.l(llshl.o)
    0x08000288   0x00000020   Code   RO         4000    .text               mc_w.l(llushr.o)
    0x080002a8   0x00000024   Code   RO         4002    .text               mc_w.l(init.o)
    0x080002cc   0x0000003c   Code   RO         3485    i.BSP_LCD_Clear     stm32f429i_discovery_lcd.o
    0x08000308   0x00000034   Code   RO         3487    i.BSP_LCD_DisplayChar  stm32f429i_discovery_lcd.o
    0x0800033c   0x00000014   Code   RO         3489    i.BSP_LCD_DisplayOn  stm32f429i_discovery_lcd.o
    0x08000350   0x000000c4   Code   RO         3490    i.BSP_LCD_DisplayStringAt  stm32f429i_discovery_lcd.o
    0x08000414   0x0000001c   Code   RO         3491    i.BSP_LCD_DisplayStringAtLine  stm32f429i_discovery_lcd.o
    0x08000430   0x00000034   Code   RO         3497    i.BSP_LCD_DrawPixel  stm32f429i_discovery_lcd.o
    0x08000464   0x0000001c   Code   RO         3507    i.BSP_LCD_GetFont   stm32f429i_discovery_lcd.o
    0x08000480   0x0000000c   Code   RO         3509    i.BSP_LCD_GetXSize  stm32f429i_discovery_lcd.o
    0x0800048c   0x0000000c   Code   RO         3510    i.BSP_LCD_GetYSize  stm32f429i_discovery_lcd.o
    0x08000498   0x00000094   Code   RO         3511    i.BSP_LCD_Init      stm32f429i_discovery_lcd.o
    0x0800052c   0x00000080   Code   RO         3512    i.BSP_LCD_LayerDefaultInit  stm32f429i_discovery_lcd.o
    0x080005ac   0x0000012c   Code   RO         3513    i.BSP_LCD_MspInit   stm32f429i_discovery_lcd.o
    0x080006d8   0x0000000c   Code   RO         3518    i.BSP_LCD_SelectLayer  stm32f429i_discovery_lcd.o
    0x080006e4   0x0000001c   Code   RO         3522    i.BSP_LCD_SetFont   stm32f429i_discovery_lcd.o
    0x08000700   0x00000018   Code   RO         3529    i.BSP_LCD_SetTextColor  stm32f429i_discovery_lcd.o
    0x08000718   0x00000078   Code   RO         3830    i.BSP_SDRAM_Init    stm32f429i_discovery_sdram.o
    0x08000790   0x00000088   Code   RO         3831    i.BSP_SDRAM_Initialization_sequence  stm32f429i_discovery_sdram.o
    0x08000818   0x00000164   Code   RO         3833    i.BSP_SDRAM_MspInit  stm32f429i_discovery_sdram.o
    0x0800097c   0x00000002   Code   RO          156    i.BusFault_Handler  stm32f4xx_it.o
    0x0800097e   0x00000096   Code   RO         3098    i.DMA2D_SetConfig   stm32f4xx_hal_dma2d.o
    0x08000a14   0x00000028   Code   RO         1908    i.DMA_CalcBaseAndBitshift  stm32f4xx_hal_dma.o
    0x08000a3c   0x00000054   Code   RO         1909    i.DMA_CheckFifoParam  stm32f4xx_hal_dma.o
    0x08000a90   0x00000002   Code   RO          157    i.DebugMon_Handler  stm32f4xx_it.o
    0x08000a92   0x00000002   PAD
    0x08000a94   0x000000b4   Code   RO         3533    i.DrawChar          stm32f429i_discovery_lcd.o
    0x08000b48   0x00000050   Code   RO         2172    i.FMC_SDRAM_Init    stm32f4xx_ll_fmc.o
    0x08000b98   0x0000000c   Code   RO         2173    i.FMC_SDRAM_ProgramRefreshRate  stm32f4xx_ll_fmc.o
    0x08000ba4   0x00000048   Code   RO         2174    i.FMC_SDRAM_SendCommand  stm32f4xx_ll_fmc.o
    0x08000bec   0x00000080   Code   RO         2176    i.FMC_SDRAM_Timing_Init  stm32f4xx_ll_fmc.o
    0x08000c6c   0x00000060   Code   RO         3534    i.FillBuffer        stm32f429i_discovery_lcd.o
    0x08000ccc   0x000000a8   Code   RO         3110    i.HAL_DMA2D_ConfigLayer  stm32f4xx_hal_dma2d.o
    0x08000d74   0x0000005a   Code   RO         3118    i.HAL_DMA2D_Init    stm32f4xx_hal_dma2d.o
    0x08000dce   0x00000002   PAD
    0x08000dd0   0x00000028   Code   RO          236    i.HAL_DMA2D_MspInit  stm32f4xx_hal_msp.o
    0x08000df8   0x0000010c   Code   RO         3122    i.HAL_DMA2D_PollForTransfer  stm32f4xx_hal_dma2d.o
    0x08000f04   0x00000034   Code   RO         3125    i.HAL_DMA2D_Start   stm32f4xx_hal_dma2d.o
    0x08000f38   0x00000056   Code   RO         1913    i.HAL_DMA_DeInit    stm32f4xx_hal_dma.o
    0x08000f8e   0x00000002   PAD
    0x08000f90   0x000000d4   Code   RO         1917    i.HAL_DMA_Init      stm32f4xx_hal_dma.o
    0x08001064   0x00000024   Code   RO         1127    i.HAL_Delay         stm32f4xx_hal.o
    0x08001088   0x000000d4   Code   RO          237    i.HAL_FMC_MspInit   stm32f4xx_hal_msp.o
    0x0800115c   0x00000170   Code   RO         1451    i.HAL_GPIO_DeInit   stm32f4xx_hal_gpio.o
    0x080012cc   0x000001cc   Code   RO         1454    i.HAL_GPIO_Init     stm32f4xx_hal_gpio.o
    0x08001498   0x0000000a   Code   RO         1458    i.HAL_GPIO_WritePin  stm32f4xx_hal_gpio.o
    0x080014a2   0x00000002   PAD
    0x080014a4   0x0000000c   Code   RO         1135    i.HAL_GetTick       stm32f4xx_hal.o
    0x080014b0   0x00000108   Code   RO          572    i.HAL_I2C_Init      stm32f4xx_hal_i2c.o
    0x080015b8   0x00000160   Code   RO          573    i.HAL_I2C_IsDeviceReady  stm32f4xx_hal_i2c.o
    0x08001718   0x000001fc   Code   RO          588    i.HAL_I2C_Mem_Read  stm32f4xx_hal_i2c.o
    0x08001914   0x00000058   Code   RO          239    i.HAL_I2C_MspInit   stm32f4xx_hal_msp.o
    0x0800196c   0x00000010   Code   RO         1139    i.HAL_IncTick       stm32f4xx_hal.o
    0x0800197c   0x00000034   Code   RO         1140    i.HAL_Init          stm32f4xx_hal.o
    0x080019b0   0x00000040   Code   RO         1141    i.HAL_InitTick      stm32f4xx_hal.o
    0x080019f0   0x00000052   Code   RO         2353    i.HAL_LTDC_ConfigLayer  stm32f4xx_hal_ltdc.o
    0x08001a42   0x00000002   PAD
    0x08001a44   0x00000030   Code   RO         2365    i.HAL_LTDC_EnableDither  stm32f4xx_hal_ltdc.o
    0x08001a74   0x000000f4   Code   RO         2370    i.HAL_LTDC_Init     stm32f4xx_hal_ltdc.o
    0x08001b68   0x00000104   Code   RO          241    i.HAL_LTDC_MspInit  stm32f4xx_hal_msp.o
    0x08001c6c   0x00000058   Code   RO          242    i.HAL_MspInit       stm32f4xx_hal_msp.o
    0x08001cc4   0x00000016   Code   RO         1642    i.HAL_NVIC_EnableIRQ  stm32f4xx_hal_cortex.o
    0x08001cda   0x00000002   PAD
    0x08001cdc   0x00000040   Code   RO         1648    i.HAL_NVIC_SetPriority  stm32f4xx_hal_cortex.o
    0x08001d1c   0x00000024   Code   RO         1649    i.HAL_NVIC_SetPriorityGrouping  stm32f4xx_hal_cortex.o
    0x08001d40   0x00000070   Code   RO         2086    i.HAL_PWREx_EnableOverDrive  stm32f4xx_hal_pwr_ex.o
    0x08001db0   0x00000234   Code   RO         2020    i.HAL_RCCEx_PeriphCLKConfig  stm32f4xx_hal_rcc_ex.o
    0x08001fe4   0x00000130   Code   RO         1536    i.HAL_RCC_ClockConfig  stm32f4xx_hal_rcc.o
    0x08002114   0x0000000c   Code   RO         1541    i.HAL_RCC_GetHCLKFreq  stm32f4xx_hal_rcc.o
    0x08002120   0x00000020   Code   RO         1543    i.HAL_RCC_GetPCLK1Freq  stm32f4xx_hal_rcc.o
    0x08002140   0x00000060   Code   RO         1545    i.HAL_RCC_GetSysClockFreq  stm32f4xx_hal_rcc.o
    0x080021a0   0x0000031c   Code   RO         1548    i.HAL_RCC_OscConfig  stm32f4xx_hal_rcc.o
    0x080024bc   0x00000042   Code   RO         2613    i.HAL_SDRAM_Init    stm32f4xx_hal_sdram.o
    0x080024fe   0x00000004   Code   RO          244    i.HAL_SDRAM_MspInit  stm32f4xx_hal_msp.o
    0x08002502   0x00000022   Code   RO         2616    i.HAL_SDRAM_ProgramRefreshRate  stm32f4xx_hal_sdram.o
    0x08002524   0x00000030   Code   RO         2622    i.HAL_SDRAM_SendCommand  stm32f4xx_hal_sdram.o
    0x08002554   0x0000002e   Code   RO         2787    i.HAL_SPI_DeInit    stm32f4xx_hal_spi.o
    0x08002582   0x00000006   Code   RO         2790    i.HAL_SPI_GetState  stm32f4xx_hal_spi.o
    0x08002588   0x00000080   Code   RO         2792    i.HAL_SPI_Init      stm32f4xx_hal_spi.o
    0x08002608   0x0000002c   Code   RO          245    i.HAL_SPI_MspDeInit  stm32f4xx_hal_msp.o
    0x08002634   0x0000004c   Code   RO          246    i.HAL_SPI_MspInit   stm32f4xx_hal_msp.o
    0x08002680   0x00000150   Code   RO         2795    i.HAL_SPI_Receive   stm32f4xx_hal_spi.o
    0x080027d0   0x00000168   Code   RO         2800    i.HAL_SPI_Transmit  stm32f4xx_hal_spi.o
    0x08002938   0x000001d8   Code   RO         2801    i.HAL_SPI_TransmitReceive  stm32f4xx_hal_spi.o
    0x08002b10   0x00000018   Code   RO         1651    i.HAL_SYSTICK_CLKSourceConfig  stm32f4xx_hal_cortex.o
    0x08002b28   0x00000002   Code   RO         1652    i.HAL_SYSTICK_Callback  stm32f4xx_hal_cortex.o
    0x08002b2a   0x00000028   Code   RO         1653    i.HAL_SYSTICK_Config  stm32f4xx_hal_cortex.o
    0x08002b52   0x00000008   Code   RO         1654    i.HAL_SYSTICK_IRQHandler  stm32f4xx_hal_cortex.o
    0x08002b5a   0x00000002   Code   RO          158    i.HardFault_Handler  stm32f4xx_it.o
    0x08002b5c   0x00000028   Code   RO          610    i.I2C_IsAcknowledgeFailed  stm32f4xx_hal_i2c.o
    0x08002b84   0x000000f0   Code   RO          619    i.I2C_RequestMemoryRead  stm32f4xx_hal_i2c.o
    0x08002c74   0x00000060   Code   RO          624    i.I2C_WaitOnFlagUntilTimeout  stm32f4xx_hal_i2c.o
    0x08002cd4   0x00000088   Code   RO          625    i.I2C_WaitOnMasterAddressFlagUntilTimeout  stm32f4xx_hal_i2c.o
    0x08002d5c   0x00000062   Code   RO          626    i.I2C_WaitOnRXNEFlagUntilTimeout  stm32f4xx_hal_i2c.o
    0x08002dbe   0x0000004e   Code   RO          627    i.I2C_WaitOnTXEFlagUntilTimeout  stm32f4xx_hal_i2c.o
    0x08002e0c   0x00000004   Code   RO         3315    i.LCD_Delay         stm32f429i_discovery.o
    0x08002e10   0x000000a8   Code   RO         3316    i.LCD_IO_Init       stm32f429i_discovery.o
    0x08002eb8   0x0000006c   Code   RO         3317    i.LCD_IO_ReadData   stm32f429i_discovery.o
    0x08002f24   0x00000038   Code   RO         3318    i.LCD_IO_WriteData  stm32f429i_discovery.o
    0x08002f5c   0x00000038   Code   RO         3319    i.LCD_IO_WriteReg   stm32f429i_discovery.o
    0x08002f94   0x00000162   Code   RO         2389    i.LTDC_SetConfig    stm32f4xx_hal_ltdc.o
    0x080030f6   0x00000002   PAD
    0x080030f8   0x0000003c   Code   RO          326    i.MX_DMA2D_Init     main.o
    0x08003134   0x00000050   Code   RO          327    i.MX_FMC_Init       main.o
    0x08003184   0x000000b8   Code   RO          328    i.MX_GPIO_Init      main.o
    0x0800323c   0x00000038   Code   RO          329    i.MX_I2C3_Init      main.o
    0x08003274   0x000000c4   Code   RO          330    i.MX_LTDC_Init      main.o
    0x08003338   0x00000040   Code   RO          331    i.MX_SPI5_Init      main.o
    0x08003378   0x00000002   Code   RO          159    i.MemManage_Handler  stm32f4xx_it.o
    0x0800337a   0x00000002   Code   RO          160    i.NMI_Handler       stm32f4xx_it.o
    0x0800337c   0x00000020   Code   RO         1655    i.NVIC_SetPriority  stm32f4xx_hal_cortex.o
    0x0800339c   0x00000002   Code   RO          161    i.PendSV_Handler    stm32f4xx_it.o
    0x0800339e   0x00000020   Code   RO         2816    i.SPI_CheckFlag_BSY  stm32f4xx_hal_spi.o
    0x080033be   0x00000096   Code   RO         2834    i.SPI_WaitFlagStateUntilTimeout  stm32f4xx_hal_spi.o
    0x08003454   0x00000014   Code   RO         3320    i.SPIx_Error        stm32f429i_discovery.o
    0x08003468   0x0000009c   Code   RO         3321    i.SPIx_Init         stm32f429i_discovery.o
    0x08003504   0x00000024   Code   RO         3322    i.SPIx_Write        stm32f429i_discovery.o
    0x08003528   0x00000002   Code   RO          162    i.SVC_Handler       stm32f4xx_it.o
    0x0800352a   0x0000000e   Code   RO          163    i.SysTick_Handler   stm32f4xx_it.o
    0x08003538   0x000000bc   Code   RO          332    i.SystemClock_Config  main.o
    0x080035f4   0x00000054   Code   RO           14    i.SystemInit        system_stm32f4xx.o
    0x08003648   0x00000002   Code   RO          164    i.UsageFault_Handler  stm32f4xx_it.o
    0x0800364a   0x0000000e   Code   RO         4006    i.__scatterload_copy  mc_w.l(handlers.o)
    0x08003658   0x00000002   Code   RO         4007    i.__scatterload_null  mc_w.l(handlers.o)
    0x0800365a   0x0000000e   Code   RO         4008    i.__scatterload_zeroinit  mc_w.l(handlers.o)
    0x08003668   0x00000006   Code   RO         3907    i.ili9341_DisplayOff  ili9341.o
    0x0800366e   0x00000006   Code   RO         3908    i.ili9341_DisplayOn  ili9341.o
    0x08003674   0x00000006   Code   RO         3909    i.ili9341_GetLcdPixelHeight  ili9341.o
    0x0800367a   0x00000004   Code   RO         3910    i.ili9341_GetLcdPixelWidth  ili9341.o
    0x0800367e   0x00000292   Code   RO         3911    i.ili9341_Init      ili9341.o
    0x08003910   0x00000012   Code   RO         3913    i.ili9341_ReadID    ili9341.o
    0x08003922   0x00000002   PAD
    0x08003924   0x000000e0   Code   RO          334    i.main              main.o
    0x08003a04   0x00000010   Data   RO           15    .constdata          system_stm32f4xx.o
    0x08003a14   0x00000008   Data   RO           16    .constdata          system_stm32f4xx.o
    0x08003a1c   0x00000008   Data   RO         1923    .constdata          stm32f4xx_hal_dma.o
    0x08003a24   0x00001ab8   Data   RO         3536    .constdata          stm32f429i_discovery_lcd.o
    0x080054dc   0x00000020   Data   RO         4004    Region$$Table       anon$$obj.o


    Execution Region RW_IRAM1 (Base: 0x20000000, Size: 0x00000948, Max: 0x00030000, ABSOLUTE)

    Base Addr    Size         Type   Attr      Idx    E Section Name        Object

    0x20000000   0x00000004   Data   RW           17    .data               system_stm32f4xx.o
    0x20000004   0x00000008   Data   RW          247    .data               stm32f4xx_hal_msp.o
    0x2000000c   0x00000008   Data   RW          336    .data               main.o
    0x20000014   0x0000000c   Data   RW         1147    .data               stm32f4xx_hal.o
    0x20000020   0x00000018   Data   RW         3326    .data               stm32f429i_discovery.o
    0x20000038   0x00000010   Data   RW         3541    .data               stm32f429i_discovery_lcd.o
    0x20000048   0x00000001   Data   RW         3840    .data               stm32f429i_discovery_sdram.o
    0x20000049   0x00000003   PAD
    0x2000004c   0x00000038   Data   RW         3916    .data               ili9341.o
    0x20000084   0x000001c8   Zero   RW          335    .bss                main.o
    0x2000024c   0x000000ac   Zero   RW         3324    .bss                stm32f429i_discovery.o
    0x200002f8   0x00000130   Zero   RW         3535    .bss                stm32f429i_discovery_lcd.o
    0x20000428   0x00000120   Zero   RW         3839    .bss                stm32f429i_discovery_sdram.o
    0x20000548   0x00000400   Zero   RW            1    STACK               startup_stm32f429xx.o


==============================================================================

Image component sizes


      Code (inc. data)   RO Data    RW Data    ZI Data      Debug   Object Name

       698          0          0         56          0       8819   ili9341.o
      1052        114          0          8        456       6963   main.o
        36          8        428          0       1024        836   startup_stm32f429xx.o
       604         84          0         24        172       7591   stm32f429i_discovery.o
      1376        160       6840         16        304      18802   stm32f429i_discovery_lcd.o
       612         54          0          1        288       3827   stm32f429i_discovery_sdram.o
       180         28          0         12          0       4577   stm32f4xx_hal.o
       228         14          0          0          0      32153   stm32f4xx_hal_cortex.o
       422         12          8          0          0       3624   stm32f4xx_hal_dma.o
       728          6          0          0          0       5615   stm32f4xx_hal_dma2d.o
       838        100          0          0          0       3394   stm32f4xx_hal_gpio.o
      1812         30          0          0          0      11162   stm32f4xx_hal_i2c.o
       728         12          0          0          0       3591   stm32f4xx_hal_ltdc.o
       812        120          0          8          0       5413   stm32f4xx_hal_msp.o
       112         14          0          0          0       1288   stm32f4xx_hal_pwr_ex.o
      1240         70          0          0          0       5033   stm32f4xx_hal_rcc.o
       564         36          0          0          0       1596   stm32f4xx_hal_rcc_ex.o
       148          0          0          0          0       2720   stm32f4xx_hal_sdram.o
      1530          0          0          0          0       8186   stm32f4xx_hal_spi.o
        30          0          0          0          0       4122   stm32f4xx_it.o
       292          4          0          0          0       3500   stm32f4xx_ll_fmc.o
        84         18         24          4          0     747255   system_stm32f4xx.o

    ----------------------------------------------------------------------
     14142        884       7332        132       2244     890067   Object Totals
         0          0         32          0          0          0   (incl. Generated)
        16          0          0          3          0          0   (incl. Padding)

    ----------------------------------------------------------------------

      Code (inc. data)   RO Data    RW Data    ZI Data      Debug   Library Member Name

         0          0          0          0          0          0   entry.o
         0          0          0          0          0          0   entry10a.o
         0          0          0          0          0          0   entry11a.o
         8          4          0          0          0          0   entry2.o
         4          0          0          0          0          0   entry5.o
         0          0          0          0          0          0   entry7b.o
         0          0          0          0          0          0   entry8b.o
         8          4          0          0          0          0   entry9a.o
        30          0          0          0          0          0   handlers.o
        36          8          0          0          0         68   init.o
        30          0          0          0          0         68   llshl.o
        32          0          0          0          0         68   llushr.o
        36          0          0          0          0         68   memcpya.o
        98          0          0          0          0         92   uldiv.o

    ----------------------------------------------------------------------
       282         16          0          0          0        364   Library Totals
         0          0          0          0          0          0   (incl. Padding)

    ----------------------------------------------------------------------

      Code (inc. data)   RO Data    RW Data    ZI Data      Debug   Library Name

       282         16          0          0          0        364   mc_w.l

    ----------------------------------------------------------------------
       282         16          0          0          0        364   Library Totals

    ----------------------------------------------------------------------

==============================================================================


      Code (inc. data)   RO Data    RW Data    ZI Data      Debug   

     14424        900       7332        132       2244     879331   Grand Totals
     14424        900       7332        132       2244     879331   ELF Image Totals
     14424        900       7332        132          0          0   ROM Totals

==============================================================================

    Total RO  Size (Code + RO Data)                21756 (  21.25kB)
    Total RW  Size (RW Data + ZI Data)              2376 (   2.32kB)
    Total ROM Size (Code + RO Data + RW Data)      21888 (  21.38kB)

==============================================================================

