Archive member included to satisfy reference by file (symbol)

c:/users/przemek/.p2/pool/plugins/fr.ac6.mcu.externaltools.arm-none.win32_1.15.0.201708311556/tools/compiler/bin/../lib/gcc/arm-none-eabi/6.3.1/thumb/v7e-m/fpv4-sp/hard\libgcc.a(_aeabi_uldivmod.o)
                              Drivers/STM32F4xx_HAL_Driver/stm32f4xx_hal_rcc.o (__aeabi_uldivmod)
c:/users/przemek/.p2/pool/plugins/fr.ac6.mcu.externaltools.arm-none.win32_1.15.0.201708311556/tools/compiler/bin/../lib/gcc/arm-none-eabi/6.3.1/thumb/v7e-m/fpv4-sp/hard\libgcc.a(_udivmoddi4.o)
                              c:/users/przemek/.p2/pool/plugins/fr.ac6.mcu.externaltools.arm-none.win32_1.15.0.201708311556/tools/compiler/bin/../lib/gcc/arm-none-eabi/6.3.1/thumb/v7e-m/fpv4-sp/hard\libgcc.a(_aeabi_uldivmod.o) (__udivmoddi4)
c:/users/przemek/.p2/pool/plugins/fr.ac6.mcu.externaltools.arm-none.win32_1.15.0.201708311556/tools/compiler/bin/../lib/gcc/arm-none-eabi/6.3.1/thumb/v7e-m/fpv4-sp/hard\libgcc.a(_dvmd_tls.o)
                              c:/users/przemek/.p2/pool/plugins/fr.ac6.mcu.externaltools.arm-none.win32_1.15.0.201708311556/tools/compiler/bin/../lib/gcc/arm-none-eabi/6.3.1/thumb/v7e-m/fpv4-sp/hard\libgcc.a(_aeabi_uldivmod.o) (__aeabi_ldiv0)
c:/users/przemek/.p2/pool/plugins/fr.ac6.mcu.externaltools.arm-none.win32_1.15.0.201708311556/tools/compiler/bin/../lib/gcc/arm-none-eabi/6.3.1/../../../../arm-none-eabi/lib/thumb/v7e-m/fpv4-sp/hard\libc_nano.a(lib_a-exit.o)
                              c:/users/przemek/.p2/pool/plugins/fr.ac6.mcu.externaltools.arm-none.win32_1.15.0.201708311556/tools/compiler/bin/../lib/gcc/arm-none-eabi/6.3.1/../../../../arm-none-eabi/lib/thumb/v7e-m/fpv4-sp/hard/crt0.o (exit)
c:/users/przemek/.p2/pool/plugins/fr.ac6.mcu.externaltools.arm-none.win32_1.15.0.201708311556/tools/compiler/bin/../lib/gcc/arm-none-eabi/6.3.1/../../../../arm-none-eabi/lib/thumb/v7e-m/fpv4-sp/hard\libc_nano.a(lib_a-impure.o)
                              c:/users/przemek/.p2/pool/plugins/fr.ac6.mcu.externaltools.arm-none.win32_1.15.0.201708311556/tools/compiler/bin/../lib/gcc/arm-none-eabi/6.3.1/../../../../arm-none-eabi/lib/thumb/v7e-m/fpv4-sp/hard\libc_nano.a(lib_a-exit.o) (_global_impure_ptr)
c:/users/przemek/.p2/pool/plugins/fr.ac6.mcu.externaltools.arm-none.win32_1.15.0.201708311556/tools/compiler/bin/../lib/gcc/arm-none-eabi/6.3.1/../../../../arm-none-eabi/lib/thumb/v7e-m/fpv4-sp/hard\libc_nano.a(lib_a-init.o)
                              c:/users/przemek/.p2/pool/plugins/fr.ac6.mcu.externaltools.arm-none.win32_1.15.0.201708311556/tools/compiler/bin/../lib/gcc/arm-none-eabi/6.3.1/../../../../arm-none-eabi/lib/thumb/v7e-m/fpv4-sp/hard/crt0.o (__libc_init_array)
c:/users/przemek/.p2/pool/plugins/fr.ac6.mcu.externaltools.arm-none.win32_1.15.0.201708311556/tools/compiler/bin/../lib/gcc/arm-none-eabi/6.3.1/../../../../arm-none-eabi/lib/thumb/v7e-m/fpv4-sp/hard\libc_nano.a(lib_a-memset.o)
                              c:/users/przemek/.p2/pool/plugins/fr.ac6.mcu.externaltools.arm-none.win32_1.15.0.201708311556/tools/compiler/bin/../lib/gcc/arm-none-eabi/6.3.1/../../../../arm-none-eabi/lib/thumb/v7e-m/fpv4-sp/hard/crt0.o (memset)
c:/users/przemek/.p2/pool/plugins/fr.ac6.mcu.externaltools.arm-none.win32_1.15.0.201708311556/tools/compiler/bin/../lib/gcc/arm-none-eabi/6.3.1/../../../../arm-none-eabi/lib/thumb/v7e-m/fpv4-sp/hard\libnosys.a(_exit.o)
                              c:/users/przemek/.p2/pool/plugins/fr.ac6.mcu.externaltools.arm-none.win32_1.15.0.201708311556/tools/compiler/bin/../lib/gcc/arm-none-eabi/6.3.1/../../../../arm-none-eabi/lib/thumb/v7e-m/fpv4-sp/hard\libc_nano.a(lib_a-exit.o) (_exit)

Allocating common symbols
Common symbol       size              file

hi2c3               0x54              Application/User/main.o
uwTick              0x4               Drivers/STM32F4xx_HAL_Driver/stm32f4xx_hal.o
pFlash              0x20              Drivers/STM32F4xx_HAL_Driver/stm32f4xx_hal_flash.o

Discarded input sections

 .text          0x00000000        0x0 c:/users/przemek/.p2/pool/plugins/fr.ac6.mcu.externaltools.arm-none.win32_1.15.0.201708311556/tools/compiler/bin/../lib/gcc/arm-none-eabi/6.3.1/thumb/v7e-m/fpv4-sp/hard/crti.o
 .data          0x00000000        0x0 c:/users/przemek/.p2/pool/plugins/fr.ac6.mcu.externaltools.arm-none.win32_1.15.0.201708311556/tools/compiler/bin/../lib/gcc/arm-none-eabi/6.3.1/thumb/v7e-m/fpv4-sp/hard/crti.o
 .bss           0x00000000        0x0 c:/users/przemek/.p2/pool/plugins/fr.ac6.mcu.externaltools.arm-none.win32_1.15.0.201708311556/tools/compiler/bin/../lib/gcc/arm-none-eabi/6.3.1/thumb/v7e-m/fpv4-sp/hard/crti.o
 .data          0x00000000        0x4 c:/users/przemek/.p2/pool/plugins/fr.ac6.mcu.externaltools.arm-none.win32_1.15.0.201708311556/tools/compiler/bin/../lib/gcc/arm-none-eabi/6.3.1/thumb/v7e-m/fpv4-sp/hard/crtbegin.o
[...]
Memory Configuration

Name             Origin             Length             Attributes
RAM              0x20000000         0x00030000         xrw
CCMRAM           0x10000000         0x00010000         rw
FLASH            0x08000000         0x00200000         xr
*default*        0x00000000         0xffffffff

Linker script and memory map

LOAD c:/users/przemek/.p2/pool/plugins/fr.ac6.mcu.externaltools.arm-none.win32_1.15.0.201708311556/tools/compiler/bin/../lib/gcc/arm-none-eabi/6.3.1/thumb/v7e-m/fpv4-sp/hard/crti.o
LOAD c:/users/przemek/.p2/pool/plugins/fr.ac6.mcu.externaltools.arm-none.win32_1.15.0.201708311556/tools/compiler/bin/../lib/gcc/arm-none-eabi/6.3.1/thumb/v7e-m/fpv4-sp/hard/crtbegin.o
LOAD c:/users/przemek/.p2/pool/plugins/fr.ac6.mcu.externaltools.arm-none.win32_1.15.0.201708311556/tools/compiler/bin/../lib/gcc/arm-none-eabi/6.3.1/../../../../arm-none-eabi/lib/thumb/v7e-m/fpv4-sp/hard/crt0.o
LOAD Application/SW4STM32/startup_stm32f429xx.o
LOAD Application/User/main.o
LOAD Application/User/stm32f4xx_hal_msp.o
LOAD Application/User/stm32f4xx_it.o
LOAD Drivers/CMSIS/system_stm32f4xx.o
LOAD Drivers/STM32F4xx_HAL_Driver/stm32f4xx_hal.o
LOAD Drivers/STM32F4xx_HAL_Driver/stm32f4xx_hal_cortex.o
LOAD Drivers/STM32F4xx_HAL_Driver/stm32f4xx_hal_dma.o
LOAD Drivers/STM32F4xx_HAL_Driver/stm32f4xx_hal_dma_ex.o
LOAD Drivers/STM32F4xx_HAL_Driver/stm32f4xx_hal_flash.o
LOAD Drivers/STM32F4xx_HAL_Driver/stm32f4xx_hal_flash_ex.o
LOAD Drivers/STM32F4xx_HAL_Driver/stm32f4xx_hal_flash_ramfunc.o
LOAD Drivers/STM32F4xx_HAL_Driver/stm32f4xx_hal_gpio.o
LOAD Drivers/STM32F4xx_HAL_Driver/stm32f4xx_hal_i2c.o
LOAD Drivers/STM32F4xx_HAL_Driver/stm32f4xx_hal_i2c_ex.o
LOAD Drivers/STM32F4xx_HAL_Driver/stm32f4xx_hal_pwr.o
LOAD Drivers/STM32F4xx_HAL_Driver/stm32f4xx_hal_pwr_ex.o
LOAD Drivers/STM32F4xx_HAL_Driver/stm32f4xx_hal_rcc.o
LOAD Drivers/STM32F4xx_HAL_Driver/stm32f4xx_hal_rcc_ex.o
LOAD Drivers/STM32F4xx_HAL_Driver/stm32f4xx_hal_tim.o
LOAD Drivers/STM32F4xx_HAL_Driver/stm32f4xx_hal_tim_ex.o
LOAD c:/users/przemek/.p2/pool/plugins/fr.ac6.mcu.externaltools.arm-none.win32_1.15.0.201708311556/tools/compiler/bin/../lib/gcc/arm-none-eabi/6.3.1/../../../../arm-none-eabi/lib/thumb/v7e-m/fpv4-sp/hard\libm.a
START GROUP
LOAD c:/users/przemek/.p2/pool/plugins/fr.ac6.mcu.externaltools.arm-none.win32_1.15.0.201708311556/tools/compiler/bin/../lib/gcc/arm-none-eabi/6.3.1/thumb/v7e-m/fpv4-sp/hard\libgcc.a
LOAD c:/users/przemek/.p2/pool/plugins/fr.ac6.mcu.externaltools.arm-none.win32_1.15.0.201708311556/tools/compiler/bin/../lib/gcc/arm-none-eabi/6.3.1/../../../../arm-none-eabi/lib/thumb/v7e-m/fpv4-sp/hard\libc_nano.a
END GROUP
START GROUP
LOAD c:/users/przemek/.p2/pool/plugins/fr.ac6.mcu.externaltools.arm-none.win32_1.15.0.201708311556/tools/compiler/bin/../lib/gcc/arm-none-eabi/6.3.1/thumb/v7e-m/fpv4-sp/hard\libgcc.a
LOAD c:/users/przemek/.p2/pool/plugins/fr.ac6.mcu.externaltools.arm-none.win32_1.15.0.201708311556/tools/compiler/bin/../lib/gcc/arm-none-eabi/6.3.1/../../../../arm-none-eabi/lib/thumb/v7e-m/fpv4-sp/hard\libc_nano.a
LOAD c:/users/przemek/.p2/pool/plugins/fr.ac6.mcu.externaltools.arm-none.win32_1.15.0.201708311556/tools/compiler/bin/../lib/gcc/arm-none-eabi/6.3.1/../../../../arm-none-eabi/lib/thumb/v7e-m/fpv4-sp/hard\libnosys.a
END GROUP
START GROUP
LOAD c:/users/przemek/.p2/pool/plugins/fr.ac6.mcu.externaltools.arm-none.win32_1.15.0.201708311556/tools/compiler/bin/../lib/gcc/arm-none-eabi/6.3.1/thumb/v7e-m/fpv4-sp/hard\libgcc.a
LOAD c:/users/przemek/.p2/pool/plugins/fr.ac6.mcu.externaltools.arm-none.win32_1.15.0.201708311556/tools/compiler/bin/../lib/gcc/arm-none-eabi/6.3.1/../../../../arm-none-eabi/lib/thumb/v7e-m/fpv4-sp/hard\libc_nano.a
LOAD c:/users/przemek/.p2/pool/plugins/fr.ac6.mcu.externaltools.arm-none.win32_1.15.0.201708311556/tools/compiler/bin/../lib/gcc/arm-none-eabi/6.3.1/../../../../arm-none-eabi/lib/thumb/v7e-m/fpv4-sp/hard\libnosys.a
END GROUP
LOAD c:/users/przemek/.p2/pool/plugins/fr.ac6.mcu.externaltools.arm-none.win32_1.15.0.201708311556/tools/compiler/bin/../lib/gcc/arm-none-eabi/6.3.1/thumb/v7e-m/fpv4-sp/hard/crtend.o
LOAD c:/users/przemek/.p2/pool/plugins/fr.ac6.mcu.externaltools.arm-none.win32_1.15.0.201708311556/tools/compiler/bin/../lib/gcc/arm-none-eabi/6.3.1/thumb/v7e-m/fpv4-sp/hard/crtn.o
                0x20030000                _estack = 0x20030000
                0x00000200                _Min_Heap_Size = 0x200
                0x00000400                _Min_Stack_Size = 0x400

.isr_vector     0x08000000      0x1ac
                0x08000000                . = ALIGN (0x4)
 *(.isr_vector)
 .isr_vector    0x08000000      0x1ac Application/SW4STM32/startup_stm32f429xx.o
                0x08000000                g_pfnVectors
                0x080001ac                . = ALIGN (0x4)

.text           0x080001ac     0x143c
                0x080001ac                . = ALIGN (0x4)
 *(.text)
 .text          0x080001ac       0x6c c:/users/przemek/.p2/pool/plugins/fr.ac6.mcu.externaltools.arm-none.win32_1.15.0.201708311556/tools/compiler/bin/../lib/gcc/arm-none-eabi/6.3.1/thumb/v7e-m/fpv4-sp/hard/crtbegin.o
 .text          0x08000218       0x30 c:/users/przemek/.p2/pool/plugins/fr.ac6.mcu.externaltools.arm-none.win32_1.15.0.201708311556/tools/compiler/bin/../lib/gcc/arm-none-eabi/6.3.1/thumb/v7e-m/fpv4-sp/hard\libgcc.a(_aeabi_uldivmod.o)
                0x08000218                __aeabi_uldivmod
 .text          0x08000248      0x2dc c:/users/przemek/.p2/pool/plugins/fr.ac6.mcu.externaltools.arm-none.win32_1.15.0.201708311556/tools/compiler/bin/../lib/gcc/arm-none-eabi/6.3.1/thumb/v7e-m/fpv4-sp/hard\libgcc.a(_udivmoddi4.o)
                0x08000248                __udivmoddi4
 .text          0x08000524        0x4 c:/users/przemek/.p2/pool/plugins/fr.ac6.mcu.externaltools.arm-none.win32_1.15.0.201708311556/tools/compiler/bin/../lib/gcc/arm-none-eabi/6.3.1/thumb/v7e-m/fpv4-sp/hard\libgcc.a(_dvmd_tls.o)
                0x08000524                __aeabi_idiv0
                0x08000524                __aeabi_ldiv0
 *(.text*)
 .text.Reset_Handler
                0x08000528       0x50 Application/SW4STM32/startup_stm32f429xx.o
                0x08000528                Reset_Handler
 .text.Default_Handler
                0x08000578        0x2 Application/SW4STM32/startup_stm32f429xx.o
                0x08000578                RTC_Alarm_IRQHandler
                0x08000578                HASH_RNG_IRQHandler
                0x08000578                EXTI2_IRQHandler
                0x08000578                TIM8_CC_IRQHandler
                0x08000578                UART8_IRQHandler
                0x08000578                SPI4_IRQHandler
                0x08000578                TIM1_CC_IRQHandler
                0x08000578                DMA2_Stream5_IRQHandler
                0x08000578                DMA1_Stream5_IRQHandler
                0x08000578                PVD_IRQHandler
                0x08000578                SDIO_IRQHandler
                0x08000578                TAMP_STAMP_IRQHandler
                0x08000578                CAN2_RX1_IRQHandler
                0x08000578                EXTI3_IRQHandler
                0x08000578                TIM8_TRG_COM_TIM14_IRQHandler
                0x08000578                TIM1_UP_TIM10_IRQHandler
                0x08000578                TIM8_UP_TIM13_IRQHandler
                0x08000578                I2C3_ER_IRQHandler
                0x08000578                EXTI0_IRQHandler
                0x08000578                I2C2_EV_IRQHandler
                0x08000578                DMA1_Stream2_IRQHandler
                0x08000578                CAN1_RX0_IRQHandler
                0x08000578                FPU_IRQHandler
                0x08000578                OTG_HS_WKUP_IRQHandler
                0x08000578                LTDC_ER_IRQHandler
                0x08000578                CAN2_SCE_IRQHandler
                0x08000578                DMA2_Stream2_IRQHandler
                0x08000578                SPI1_IRQHandler
                0x08000578                TIM6_DAC_IRQHandler
                0x08000578                TIM1_BRK_TIM9_IRQHandler
                0x08000578                DCMI_IRQHandler
                0x08000578                CAN2_RX0_IRQHandler
                0x08000578                DMA2_Stream3_IRQHandler
                0x08000578                USART6_IRQHandler
                0x08000578                USART3_IRQHandler
                0x08000578                CAN1_RX1_IRQHandler
                0x08000578                UART5_IRQHandler
                0x08000578                DMA2_Stream0_IRQHandler
                0x08000578                TIM4_IRQHandler
                0x08000578                I2C1_EV_IRQHandler
                0x08000578                DMA1_Stream6_IRQHandler
                0x08000578                DMA1_Stream1_IRQHandler
                0x08000578                UART4_IRQHandler
                0x08000578                TIM3_IRQHandler
                0x08000578                RCC_IRQHandler
                0x08000578                TIM8_BRK_TIM12_IRQHandler
                0x08000578                Default_Handler
                0x08000578                EXTI15_10_IRQHandler
                0x08000578                ADC_IRQHandler
                0x08000578                DMA1_Stream7_IRQHandler
                0x08000578                SPI5_IRQHandler
                0x08000578                TIM7_IRQHandler
                0x08000578                CAN2_TX_IRQHandler
                0x08000578                TIM5_IRQHandler
                0x08000578                DMA2_Stream7_IRQHandler
                0x08000578                I2C3_EV_IRQHandler
                0x08000578                EXTI9_5_IRQHandler
                0x08000578                RTC_WKUP_IRQHandler
                0x08000578                LTDC_IRQHandler
                0x08000578                ETH_WKUP_IRQHandler
                0x08000578                SPI2_IRQHandler
                0x08000578                OTG_HS_EP1_IN_IRQHandler
                0x08000578                DMA1_Stream0_IRQHandler
                0x08000578                CAN1_TX_IRQHandler
                0x08000578                EXTI4_IRQHandler
                0x08000578                ETH_IRQHandler
                0x08000578                OTG_HS_EP1_OUT_IRQHandler
                0x08000578                WWDG_IRQHandler
                0x08000578                SPI6_IRQHandler
                0x08000578                TIM2_IRQHandler
                0x08000578                OTG_FS_WKUP_IRQHandler
                0x08000578                TIM1_TRG_COM_TIM11_IRQHandler
                0x08000578                OTG_HS_IRQHandler
                0x08000578                DMA2D_IRQHandler
                0x08000578                EXTI1_IRQHandler
                0x08000578                UART7_IRQHandler
                0x08000578                USART2_IRQHandler
                0x08000578                I2C2_ER_IRQHandler
                0x08000578                DMA2_Stream1_IRQHandler
                0x08000578                CAN1_SCE_IRQHandler
                0x08000578                FLASH_IRQHandler
                0x08000578                DMA2_Stream4_IRQHandler
                0x08000578                USART1_IRQHandler
                0x08000578                OTG_FS_IRQHandler
                0x08000578                SPI3_IRQHandler
                0x08000578                DMA1_Stream4_IRQHandler
                0x08000578                I2C1_ER_IRQHandler
                0x08000578                FMC_IRQHandler
                0x08000578                DMA2_Stream6_IRQHandler
                0x08000578                SAI1_IRQHandler
                0x08000578                DMA1_Stream3_IRQHandler
 *fill*         0x0800057a        0x2 
 .text.MX_GPIO_Init
                0x0800057c       0x88 Application/User/main.o
 .text._Error_Handler
                0x08000604        0x2 Application/User/main.o
                0x08000604                _Error_Handler
 *fill*         0x08000606        0x2 
 .text.MX_I2C3_Init
                0x08000608       0x40 Application/User/main.o
 .text.SystemClock_Config
                0x08000648       0xd4 Application/User/main.o
                0x08000648                SystemClock_Config
 .text.main     0x0800071c       0x38 Application/User/main.o
                0x0800071c                main
 .text.HAL_MspInit
                0x08000754       0x5e Application/User/stm32f4xx_hal_msp.o
                0x08000754                HAL_MspInit
 *fill*         0x080007b2        0x2 
 .text.HAL_I2C_MspInit
                0x080007b4       0x74 Application/User/stm32f4xx_hal_msp.o
                0x080007b4                HAL_I2C_MspInit
 .text.NMI_Handler
                0x08000828        0x2 Application/User/stm32f4xx_it.o
                0x08000828                NMI_Handler
 .text.HardFault_Handler
                0x0800082a        0x2 Application/User/stm32f4xx_it.o
                0x0800082a                HardFault_Handler
 .text.MemManage_Handler
                0x0800082c        0x2 Application/User/stm32f4xx_it.o
                0x0800082c                MemManage_Handler
 .text.BusFault_Handler
                0x0800082e        0x2 Application/User/stm32f4xx_it.o
                0x0800082e                BusFault_Handler
 .text.UsageFault_Handler
                0x08000830        0x2 Application/User/stm32f4xx_it.o
                0x08000830                UsageFault_Handler
 .text.SVC_Handler
                0x08000832        0x2 Application/User/stm32f4xx_it.o
                0x08000832                SVC_Handler
 .text.DebugMon_Handler
                0x08000834        0x2 Application/User/stm32f4xx_it.o
                0x08000834                DebugMon_Handler
 .text.PendSV_Handler
                0x08000836        0x2 Application/User/stm32f4xx_it.o
                0x08000836                PendSV_Handler
 .text.SysTick_Handler
                0x08000838        0xc Application/User/stm32f4xx_it.o
                0x08000838                SysTick_Handler
 .text.SystemInit
                0x08000844       0x4c Drivers/CMSIS/system_stm32f4xx.o
                0x08000844                SystemInit
 .text.HAL_InitTick
                0x08000890       0x48 Drivers/STM32F4xx_HAL_Driver/stm32f4xx_hal.o
                0x08000890                HAL_InitTick
 .text.HAL_Init
                0x080008d8       0x34 Drivers/STM32F4xx_HAL_Driver/stm32f4xx_hal.o
                0x080008d8                HAL_Init
 .text.HAL_IncTick
                0x0800090c       0x18 Drivers/STM32F4xx_HAL_Driver/stm32f4xx_hal.o
                0x0800090c                HAL_IncTick
 .text.HAL_GetTick
                0x08000924        0xc Drivers/STM32F4xx_HAL_Driver/stm32f4xx_hal.o
                0x08000924                HAL_GetTick
 .text.HAL_NVIC_SetPriorityGrouping
                0x08000930       0x24 Drivers/STM32F4xx_HAL_Driver/stm32f4xx_hal_cortex.o
                0x08000930                HAL_NVIC_SetPriorityGrouping
 .text.HAL_NVIC_SetPriority
                0x08000954       0x64 Drivers/STM32F4xx_HAL_Driver/stm32f4xx_hal_cortex.o
                0x08000954                HAL_NVIC_SetPriority
 .text.HAL_SYSTICK_Config
                0x080009b8       0x2c Drivers/STM32F4xx_HAL_Driver/stm32f4xx_hal_cortex.o
                0x080009b8                HAL_SYSTICK_Config
 .text.HAL_SYSTICK_CLKSourceConfig
                0x080009e4       0x20 Drivers/STM32F4xx_HAL_Driver/stm32f4xx_hal_cortex.o
                0x080009e4                HAL_SYSTICK_CLKSourceConfig
 .text.HAL_SYSTICK_Callback
                0x08000a04        0x2 Drivers/STM32F4xx_HAL_Driver/stm32f4xx_hal_cortex.o
                0x08000a04                HAL_SYSTICK_Callback
 .text.HAL_SYSTICK_IRQHandler
                0x08000a06        0x8 Drivers/STM32F4xx_HAL_Driver/stm32f4xx_hal_cortex.o
                0x08000a06                HAL_SYSTICK_IRQHandler
 *fill*         0x08000a0e        0x2 
 .text.HAL_GPIO_Init
                0x08000a10      0x1e4 Drivers/STM32F4xx_HAL_Driver/stm32f4xx_hal_gpio.o
                0x08000a10                HAL_GPIO_Init
 .text.HAL_GPIO_WritePin
                0x08000bf4        0xc Drivers/STM32F4xx_HAL_Driver/stm32f4xx_hal_gpio.o
                0x08000bf4                HAL_GPIO_WritePin
 .text.HAL_GPIO_TogglePin
                0x08000c00        0x8 Drivers/STM32F4xx_HAL_Driver/stm32f4xx_hal_gpio.o
                0x08000c00                HAL_GPIO_TogglePin
 .text.I2C_WaitOnFlagUntilTimeout
                0x08000c08       0x68 Drivers/STM32F4xx_HAL_Driver/stm32f4xx_hal_i2c.o
 .text.HAL_I2C_Init
                0x08000c70      0x11c Drivers/STM32F4xx_HAL_Driver/stm32f4xx_hal_i2c.o
                0x08000c70                HAL_I2C_Init
 .text.HAL_I2C_IsDeviceReady
                0x08000d8c      0x18c Drivers/STM32F4xx_HAL_Driver/stm32f4xx_hal_i2c.o
                0x08000d8c                HAL_I2C_IsDeviceReady
 .text.HAL_PWREx_EnableOverDrive
                0x08000f18       0x80 Drivers/STM32F4xx_HAL_Driver/stm32f4xx_hal_pwr_ex.o
                0x08000f18                HAL_PWREx_EnableOverDrive
 .text.HAL_RCC_OscConfig
                0x08000f98      0x398 Drivers/STM32F4xx_HAL_Driver/stm32f4xx_hal_rcc.o
                0x08000f98                HAL_RCC_OscConfig
 .text.HAL_RCC_GetSysClockFreq
                0x08001330       0xd4 Drivers/STM32F4xx_HAL_Driver/stm32f4xx_hal_rcc.o
                0x08001330                HAL_RCC_GetSysClockFreq
 .text.HAL_RCC_ClockConfig
                0x08001404      0x158 Drivers/STM32F4xx_HAL_Driver/stm32f4xx_hal_rcc.o
                0x08001404                HAL_RCC_ClockConfig
 .text.HAL_RCC_GetHCLKFreq
                0x0800155c        0xc Drivers/STM32F4xx_HAL_Driver/stm32f4xx_hal_rcc.o
                0x0800155c                HAL_RCC_GetHCLKFreq
 .text.HAL_RCC_GetPCLK1Freq
                0x08001568       0x20 Drivers/STM32F4xx_HAL_Driver/stm32f4xx_hal_rcc.o
                0x08001568                HAL_RCC_GetPCLK1Freq
 .text.__libc_init_array
                0x08001588       0x48 c:/users/przemek/.p2/pool/plugins/fr.ac6.mcu.externaltools.arm-none.win32_1.15.0.201708311556/tools/compiler/bin/../lib/gcc/arm-none-eabi/6.3.1/../../../../arm-none-eabi/lib/thumb/v7e-m/fpv4-sp/hard\libc_nano.a(lib_a-init.o)
                0x08001588                __libc_init_array
 *(.glue_7)
 .glue_7        0x080015d0        0x0 linker stubs
 *(.glue_7t)
 .glue_7t       0x080015d0        0x0 linker stubs
 *(.eh_frame)
 .eh_frame      0x080015d0        0x0 c:/users/przemek/.p2/pool/plugins/fr.ac6.mcu.externaltools.arm-none.win32_1.15.0.201708311556/tools/compiler/bin/../lib/gcc/arm-none-eabi/6.3.1/thumb/v7e-m/fpv4-sp/hard/crtbegin.o
 *(.init)
 .init          0x080015d0        0x4 c:/users/przemek/.p2/pool/plugins/fr.ac6.mcu.externaltools.arm-none.win32_1.15.0.201708311556/tools/compiler/bin/../lib/gcc/arm-none-eabi/6.3.1/thumb/v7e-m/fpv4-sp/hard/crti.o
                0x080015d0                _init
 .init          0x080015d4        0x8 c:/users/przemek/.p2/pool/plugins/fr.ac6.mcu.externaltools.arm-none.win32_1.15.0.201708311556/tools/compiler/bin/../lib/gcc/arm-none-eabi/6.3.1/thumb/v7e-m/fpv4-sp/hard/crtn.o
 *(.fini)
 .fini          0x080015dc        0x4 c:/users/przemek/.p2/pool/plugins/fr.ac6.mcu.externaltools.arm-none.win32_1.15.0.201708311556/tools/compiler/bin/../lib/gcc/arm-none-eabi/6.3.1/thumb/v7e-m/fpv4-sp/hard/crti.o
                0x080015dc                _fini
 .fini          0x080015e0        0x8 c:/users/przemek/.p2/pool/plugins/fr.ac6.mcu.externaltools.arm-none.win32_1.15.0.201708311556/tools/compiler/bin/../lib/gcc/arm-none-eabi/6.3.1/thumb/v7e-m/fpv4-sp/hard/crtn.o
                0x080015e8                . = ALIGN (0x4)
                0x080015e8                _etext = .

.vfp11_veneer   0x080015e8        0x0
 .vfp11_veneer  0x080015e8        0x0 linker stubs

.v4_bx          0x080015e8        0x0
 .v4_bx         0x080015e8        0x0 linker stubs

.iplt           0x080015e8        0x0
 .iplt          0x080015e8        0x0 c:/users/przemek/.p2/pool/plugins/fr.ac6.mcu.externaltools.arm-none.win32_1.15.0.201708311556/tools/compiler/bin/../lib/gcc/arm-none-eabi/6.3.1/thumb/v7e-m/fpv4-sp/hard/crtbegin.o

.rodata         0x080015e8       0x58
                0x080015e8                . = ALIGN (0x4)
 *(.rodata)
 .rodata        0x080015e8       0x18 Drivers/CMSIS/system_stm32f4xx.o
                0x080015e8                AHBPrescTable
                0x080015f8                APBPrescTable
 *(.rodata*)
 .rodata.str1.4
                0x08001600       0x40 Application/User/main.o
                                 0x3f (size before relaxing)
                0x08001640                . = ALIGN (0x4)

.ARM.extab
 *(.ARM.extab* .gnu.linkonce.armextab.*)

.ARM            0x08001640        0x8
                0x08001640                __exidx_start = .
 *(.ARM.exidx*)
 .ARM.exidx     0x08001640        0x8 c:/users/przemek/.p2/pool/plugins/fr.ac6.mcu.externaltools.arm-none.win32_1.15.0.201708311556/tools/compiler/bin/../lib/gcc/arm-none-eabi/6.3.1/thumb/v7e-m/fpv4-sp/hard\libgcc.a(_udivmoddi4.o)
                0x08001648                __exidx_end = .

.rel.dyn        0x08001648        0x0
 .rel.iplt      0x08001648        0x0 c:/users/przemek/.p2/pool/plugins/fr.ac6.mcu.externaltools.arm-none.win32_1.15.0.201708311556/tools/compiler/bin/../lib/gcc/arm-none-eabi/6.3.1/thumb/v7e-m/fpv4-sp/hard/crtbegin.o

.preinit_array  0x08001648        0x0
                0x08001648                PROVIDE (__preinit_array_start, .)
 *(.preinit_array*)
                0x08001648                PROVIDE (__preinit_array_end, .)

.init_array     0x08001648        0x4
                0x08001648                PROVIDE (__init_array_start, .)
 *(SORT(.init_array.*))
 *(.init_array*)
 .init_array    0x08001648        0x4 c:/users/przemek/.p2/pool/plugins/fr.ac6.mcu.externaltools.arm-none.win32_1.15.0.201708311556/tools/compiler/bin/../lib/gcc/arm-none-eabi/6.3.1/thumb/v7e-m/fpv4-sp/hard/crtbegin.o
                0x0800164c                PROVIDE (__init_array_end, .)

.fini_array     0x0800164c        0x4
                [!provide]                PROVIDE (__fini_array_start, .)
 *(SORT(.fini_array.*))
 *(.fini_array*)
 .fini_array    0x0800164c        0x4 c:/users/przemek/.p2/pool/plugins/fr.ac6.mcu.externaltools.arm-none.win32_1.15.0.201708311556/tools/compiler/bin/../lib/gcc/arm-none-eabi/6.3.1/thumb/v7e-m/fpv4-sp/hard/crtbegin.o
                [!provide]                PROVIDE (__fini_array_end, .)
                0x08001650                _sidata = LOADADDR (.data)

.data           0x20000000        0xc load address 0x08001650
                0x20000000                . = ALIGN (0x4)
                0x20000000                _sdata = .
 *(.data)
 .data          0x20000000        0x4 Drivers/CMSIS/system_stm32f4xx.o
                0x20000000                SystemCoreClock
 .data          0x20000004        0x8 Drivers/STM32F4xx_HAL_Driver/stm32f4xx_hal.o
                0x20000004                uwTickFreq
                0x20000008                uwTickPrio
 *(.data*)
                0x2000000c                . = ALIGN (0x4)
                0x2000000c                _edata = .
                0x0800165c                _siccmram = LOADADDR (.ccmram)

.jcr            0x2000000c        0x0 load address 0x0800165c
 .jcr           0x2000000c        0x0 c:/users/przemek/.p2/pool/plugins/fr.ac6.mcu.externaltools.arm-none.win32_1.15.0.201708311556/tools/compiler/bin/../lib/gcc/arm-none-eabi/6.3.1/thumb/v7e-m/fpv4-sp/hard/crtbegin.o

.igot.plt       0x2000000c        0x0 load address 0x0800165c
 .igot.plt      0x2000000c        0x0 c:/users/przemek/.p2/pool/plugins/fr.ac6.mcu.externaltools.arm-none.win32_1.15.0.201708311556/tools/compiler/bin/../lib/gcc/arm-none-eabi/6.3.1/thumb/v7e-m/fpv4-sp/hard/crtbegin.o

.ccmram         0x10000000        0x0 load address 0x0800165c
                0x10000000                . = ALIGN (0x4)
                0x10000000                _sccmram = .
 *(.ccmram)
 *(.ccmram*)
                0x10000000                . = ALIGN (0x4)
                0x10000000                _eccmram = .
                0x10000000                . = ALIGN (0x4)

.bss            0x2000000c       0x74
                0x2000000c                _sbss = .
                0x2000000c                __bss_start__ = _sbss
 *(.bss)
 .bss           0x2000000c       0x1c c:/users/przemek/.p2/pool/plugins/fr.ac6.mcu.externaltools.arm-none.win32_1.15.0.201708311556/tools/compiler/bin/../lib/gcc/arm-none-eabi/6.3.1/thumb/v7e-m/fpv4-sp/hard/crtbegin.o
 *(.bss*)
 *(COMMON)
 COMMON         0x20000028       0x54 Application/User/main.o
                0x20000028                hi2c3
 COMMON         0x2000007c        0x4 Drivers/STM32F4xx_HAL_Driver/stm32f4xx_hal.o
                0x2000007c                uwTick
                0x20000080                . = ALIGN (0x4)
                0x20000080                _ebss = .
                0x20000080                __bss_end__ = _ebss

._user_heap_stack
                0x20000080      0x600
                0x20000080                . = ALIGN (0x8)
                [!provide]                PROVIDE (end, .)
                [!provide]                PROVIDE (_end, .)
                0x20000280                . = (. + _Min_Heap_Size)
 *fill*         0x20000080      0x200 
                0x20000680                . = (. + _Min_Stack_Size)
 *fill*         0x20000280      0x400 
                0x20000680                . = ALIGN (0x8)

/DISCARD/
 libc.a(*)
 libm.a(*)
 libgcc.a(*)

.ARM.attributes
                0x00000000       0x30
 *(.ARM.attributes)
 .ARM.attributes
                0x00000000       0x22 c:/users/przemek/.p2/pool/plugins/fr.ac6.mcu.externaltools.arm-none.win32_1.15.0.201708311556/tools/compiler/bin/../lib/gcc/arm-none-eabi/6.3.1/thumb/v7e-m/fpv4-sp/hard/crti.o
 .ARM.attributes
                0x00000022       0x34 c:/users/przemek/.p2/pool/plugins/fr.ac6.mcu.externaltools.arm-none.win32_1.15.0.201708311556/tools/compiler/bin/../lib/gcc/arm-none-eabi/6.3.1/thumb/v7e-m/fpv4-sp/hard/crtbegin.o
 .ARM.attributes
                0x00000056       0x21 Application/SW4STM32/startup_stm32f429xx.o
 .ARM.attributes
                0x00000077       0x39 Application/User/main.o
 .ARM.attributes
                0x000000b0       0x39 Application/User/stm32f4xx_hal_msp.o
 .ARM.attributes
                0x000000e9       0x39 Application/User/stm32f4xx_it.o
 .ARM.attributes
                0x00000122       0x39 Drivers/CMSIS/system_stm32f4xx.o
 .ARM.attributes
                0x0000015b       0x39 Drivers/STM32F4xx_HAL_Driver/stm32f4xx_hal.o
 .ARM.attributes
                0x00000194       0x39 Drivers/STM32F4xx_HAL_Driver/stm32f4xx_hal_cortex.o
 .ARM.attributes
                0x000001cd       0x39 Drivers/STM32F4xx_HAL_Driver/stm32f4xx_hal_gpio.o
 .ARM.attributes
                0x00000206       0x39 Drivers/STM32F4xx_HAL_Driver/stm32f4xx_hal_i2c.o
 .ARM.attributes
                0x0000023f       0x39 Drivers/STM32F4xx_HAL_Driver/stm32f4xx_hal_pwr_ex.o
 .ARM.attributes
                0x00000278       0x39 Drivers/STM32F4xx_HAL_Driver/stm32f4xx_hal_rcc.o
 .ARM.attributes
                0x000002b1       0x22 c:/users/przemek/.p2/pool/plugins/fr.ac6.mcu.externaltools.arm-none.win32_1.15.0.201708311556/tools/compiler/bin/../lib/gcc/arm-none-eabi/6.3.1/thumb/v7e-m/fpv4-sp/hard\libgcc.a(_aeabi_uldivmod.o)
 .ARM.attributes
                0x000002d3       0x34 c:/users/przemek/.p2/pool/plugins/fr.ac6.mcu.externaltools.arm-none.win32_1.15.0.201708311556/tools/compiler/bin/../lib/gcc/arm-none-eabi/6.3.1/thumb/v7e-m/fpv4-sp/hard\libgcc.a(_udivmoddi4.o)
 .ARM.attributes
                0x00000307       0x22 c:/users/przemek/.p2/pool/plugins/fr.ac6.mcu.externaltools.arm-none.win32_1.15.0.201708311556/tools/compiler/bin/../lib/gcc/arm-none-eabi/6.3.1/thumb/v7e-m/fpv4-sp/hard\libgcc.a(_dvmd_tls.o)
 .ARM.attributes
                0x00000329       0x34 c:/users/przemek/.p2/pool/plugins/fr.ac6.mcu.externaltools.arm-none.win32_1.15.0.201708311556/tools/compiler/bin/../lib/gcc/arm-none-eabi/6.3.1/../../../../arm-none-eabi/lib/thumb/v7e-m/fpv4-sp/hard\libc_nano.a(lib_a-init.o)
 .ARM.attributes
                0x0000035d       0x22 c:/users/przemek/.p2/pool/plugins/fr.ac6.mcu.externaltools.arm-none.win32_1.15.0.201708311556/tools/compiler/bin/../lib/gcc/arm-none-eabi/6.3.1/thumb/v7e-m/fpv4-sp/hard/crtn.o
OUTPUT(GestureDetection.elf elf32-littlearm)

.debug_line     0x00000000     0x6d62
 .debug_line    0x00000000       0xb1 Application/SW4STM32/startup_stm32f429xx.o
 .debug_line    0x000000b1      0x876 Application/User/main.o
 .debug_line    0x00000927      0x845 Application/User/stm32f4xx_hal_msp.o
 .debug_line    0x0000116c      0x896 Application/User/stm32f4xx_it.o
 .debug_line    0x00001a02      0x839 Drivers/CMSIS/system_stm32f4xx.o
 .debug_line    0x0000223b      0xa0b Drivers/STM32F4xx_HAL_Driver/stm32f4xx_hal.o
 .debug_line    0x00002c46      0xa25 Drivers/STM32F4xx_HAL_Driver/stm32f4xx_hal_cortex.o
 .debug_line    0x0000366b      0x9af Drivers/STM32F4xx_HAL_Driver/stm32f4xx_hal_gpio.o
 .debug_line    0x0000401a     0x19c6 Drivers/STM32F4xx_HAL_Driver/stm32f4xx_hal_i2c.o
 .debug_line    0x000059e0      0x90d Drivers/STM32F4xx_HAL_Driver/stm32f4xx_hal_pwr_ex.o
 .debug_line    0x000062ed      0xa75 Drivers/STM32F4xx_HAL_Driver/stm32f4xx_hal_rcc.o

.debug_info     0x00000000     0xd924
 .debug_info    0x00000000       0xcb Application/SW4STM32/startup_stm32f429xx.o
 .debug_info    0x000000cb     0x1893 Application/User/main.o
 .debug_info    0x0000195e     0x1564 Application/User/stm32f4xx_hal_msp.o
 .debug_info    0x00002ec2      0xa0a Application/User/stm32f4xx_it.o
 .debug_info    0x000038cc      0xd4a Drivers/CMSIS/system_stm32f4xx.o
 .debug_info    0x00004616     0x1250 Drivers/STM32F4xx_HAL_Driver/stm32f4xx_hal.o
 .debug_info    0x00005866     0x1790 Drivers/STM32F4xx_HAL_Driver/stm32f4xx_hal_cortex.o
 .debug_info    0x00006ff6      0xfb1 Drivers/STM32F4xx_HAL_Driver/stm32f4xx_hal_gpio.o
 .debug_info    0x00007fa7     0x36ef Drivers/STM32F4xx_HAL_Driver/stm32f4xx_hal_i2c.o
 .debug_info    0x0000b696     0x1015 Drivers/STM32F4xx_HAL_Driver/stm32f4xx_hal_pwr_ex.o
 .debug_info    0x0000c6ab     0x1279 Drivers/STM32F4xx_HAL_Driver/stm32f4xx_hal_rcc.o

.debug_abbrev   0x00000000     0x1b91
 .debug_abbrev  0x00000000       0x12 Application/SW4STM32/startup_stm32f429xx.o
 .debug_abbrev  0x00000012      0x2e7 Application/User/main.o
 .debug_abbrev  0x000002f9      0x252 Application/User/stm32f4xx_hal_msp.o
 .debug_abbrev  0x0000054b      0x1f8 Application/User/stm32f4xx_it.o
 .debug_abbrev  0x00000743      0x205 Drivers/CMSIS/system_stm32f4xx.o
 .debug_abbrev  0x00000948      0x2e3 Drivers/STM32F4xx_HAL_Driver/stm32f4xx_hal.o
 .debug_abbrev  0x00000c2b      0x3d4 Drivers/STM32F4xx_HAL_Driver/stm32f4xx_hal_cortex.o
 .debug_abbrev  0x00000fff      0x2a5 Drivers/STM32F4xx_HAL_Driver/stm32f4xx_hal_gpio.o
 .debug_abbrev  0x000012a4      0x2f9 Drivers/STM32F4xx_HAL_Driver/stm32f4xx_hal_i2c.o
 .debug_abbrev  0x0000159d      0x2c3 Drivers/STM32F4xx_HAL_Driver/stm32f4xx_hal_pwr_ex.o
 .debug_abbrev  0x00001860      0x331 Drivers/STM32F4xx_HAL_Driver/stm32f4xx_hal_rcc.o

.debug_aranges  0x00000000      0x660
 .debug_aranges
                0x00000000       0x28 Application/SW4STM32/startup_stm32f429xx.o
 .debug_aranges
                0x00000028       0x40 Application/User/main.o
 .debug_aranges
                0x00000068       0x30 Application/User/stm32f4xx_hal_msp.o
 .debug_aranges
                0x00000098       0x60 Application/User/stm32f4xx_it.o
 .debug_aranges
                0x000000f8       0x28 Drivers/CMSIS/system_stm32f4xx.o
 .debug_aranges
                0x00000120       0xf0 Drivers/STM32F4xx_HAL_Driver/stm32f4xx_hal.o
 .debug_aranges
                0x00000210       0xa8 Drivers/STM32F4xx_HAL_Driver/stm32f4xx_hal_cortex.o
 .debug_aranges
                0x000002b8       0x58 Drivers/STM32F4xx_HAL_Driver/stm32f4xx_hal_gpio.o
 .debug_aranges
                0x00000310      0x268 Drivers/STM32F4xx_HAL_Driver/stm32f4xx_hal_i2c.o
 .debug_aranges
                0x00000578       0x60 Drivers/STM32F4xx_HAL_Driver/stm32f4xx_hal_pwr_ex.o
 .debug_aranges
                0x000005d8       0x88 Drivers/STM32F4xx_HAL_Driver/stm32f4xx_hal_rcc.o

.debug_ranges   0x00000000      0x630
 .debug_ranges  0x00000000       0x20 Application/SW4STM32/startup_stm32f429xx.o
 .debug_ranges  0x00000020       0x30 Application/User/main.o
 .debug_ranges  0x00000050       0x20 Application/User/stm32f4xx_hal_msp.o
 .debug_ranges  0x00000070       0x50 Application/User/stm32f4xx_it.o
 .debug_ranges  0x000000c0       0x18 Drivers/CMSIS/system_stm32f4xx.o
 .debug_ranges  0x000000d8       0xe0 Drivers/STM32F4xx_HAL_Driver/stm32f4xx_hal.o
 .debug_ranges  0x000001b8       0xf8 Drivers/STM32F4xx_HAL_Driver/stm32f4xx_hal_cortex.o
 .debug_ranges  0x000002b0       0x48 Drivers/STM32F4xx_HAL_Driver/stm32f4xx_hal_gpio.o
 .debug_ranges  0x000002f8      0x258 Drivers/STM32F4xx_HAL_Driver/stm32f4xx_hal_i2c.o
 .debug_ranges  0x00000550       0x50 Drivers/STM32F4xx_HAL_Driver/stm32f4xx_hal_pwr_ex.o
 .debug_ranges  0x000005a0       0x90 Drivers/STM32F4xx_HAL_Driver/stm32f4xx_hal_rcc.o

.debug_macro    0x00000000    0x227fd
 .debug_macro   0x00000000      0x319 Application/User/main.o
 .debug_macro   0x00000319      0x8bc Application/User/main.o
 .debug_macro   0x00000bd5       0x1c Application/User/main.o
 .debug_macro   0x00000bf1      0x17a Application/User/main.o
 .debug_macro   0x00000d6b       0x32 Application/User/main.o
 .debug_macro   0x00000d9d       0x28 Application/User/main.o
 .debug_macro   0x00000dc5       0x22 Application/User/main.o
 .debug_macro   0x00000de7       0x87 Application/User/main.o
 .debug_macro   0x00000e6e       0x51 Application/User/main.o
 .debug_macro   0x00000ebf       0xef Application/User/main.o
 .debug_macro   0x00000fae       0x6a Application/User/main.o
 .debug_macro   0x00001018      0x1df Application/User/main.o
 .debug_macro   0x000011f7       0x35 Application/User/main.o
 .debug_macro   0x0000122c       0x50 Application/User/main.o
 .debug_macro   0x0000127c      0xe66 Application/User/main.o
 .debug_macro   0x000020e2    0x17e1c Application/User/main.o
 .debug_macro   0x00019efe       0x43 Application/User/main.o
 .debug_macro   0x00019f41     0x35a5 Application/User/main.o
 .debug_macro   0x0001d4e6       0x58 Application/User/main.o
 .debug_macro   0x0001d53e       0x35 Application/User/main.o
 .debug_macro   0x0001d573       0x9c Application/User/main.o
 .debug_macro   0x0001d60f       0x16 Application/User/main.o
 .debug_macro   0x0001d625       0x97 Application/User/main.o
 .debug_macro   0x0001d6bc      0x330 Application/User/main.o
 .debug_macro   0x0001d9ec       0xfd Application/User/main.o
 .debug_macro   0x0001dae9       0x10 Application/User/main.o
 .debug_macro   0x0001daf9       0x58 Application/User/main.o
 .debug_macro   0x0001db51       0x1f Application/User/main.o
 .debug_macro   0x0001db70       0x43 Application/User/main.o
 .debug_macro   0x0001dbb3       0x20 Application/User/main.o
 .debug_macro   0x0001dbd3      0x187 Application/User/main.o
 .debug_macro   0x0001dd5a       0x10 Application/User/main.o
 .debug_macro   0x0001dd6a       0x1c Application/User/main.o
 .debug_macro   0x0001dd86       0x52 Application/User/main.o
 .debug_macro   0x0001ddd8       0x40 Application/User/main.o
 .debug_macro   0x0001de18       0x10 Application/User/main.o
 .debug_macro   0x0001de28       0x40 Application/User/main.o
 .debug_macro   0x0001de68       0xd7 Application/User/main.o
 .debug_macro   0x0001df3f       0x16 Application/User/main.o
 .debug_macro   0x0001df55      0x18b Application/User/main.o
 .debug_macro   0x0001e0e0       0x50 Application/User/main.o
 .debug_macro   0x0001e130      0xca5 Application/User/main.o
 .debug_macro   0x0001edd5      0xa02 Application/User/main.o
 .debug_macro   0x0001f7d7      0x11e Application/User/main.o
 .debug_macro   0x0001f8f5      0x15f Application/User/main.o
 .debug_macro   0x0001fa54       0x27 Application/User/main.o
 .debug_macro   0x0001fa7b      0x287 Application/User/main.o
 .debug_macro   0x0001fd02       0x5f Application/User/main.o
 .debug_macro   0x0001fd61      0x23a Application/User/main.o
 .debug_macro   0x0001ff9b      0x13a Application/User/main.o
 .debug_macro   0x000200d5      0x41d Application/User/main.o
 .debug_macro   0x000204f2       0x2e Application/User/main.o
 .debug_macro   0x00020520      0x1a7 Application/User/main.o
 .debug_macro   0x000206c7       0x22 Application/User/main.o
 .debug_macro   0x000206e9       0xa5 Application/User/main.o
 .debug_macro   0x0002078e      0x11e Application/User/main.o
 .debug_macro   0x000208ac       0xe2 Application/User/main.o
 .debug_macro   0x0002098e       0x89 Application/User/main.o
 .debug_macro   0x00020a17      0x13b Application/User/main.o
 .debug_macro   0x00020b52      0x30f Application/User/stm32f4xx_hal_msp.o
 .debug_macro   0x00020e61      0x319 Application/User/stm32f4xx_it.o
 .debug_macro   0x0002117a      0x315 Drivers/CMSIS/system_stm32f4xx.o
 .debug_macro   0x0002148f      0x36f Drivers/STM32F4xx_HAL_Driver/stm32f4xx_hal.o
 .debug_macro   0x000217fe      0x30f Drivers/STM32F4xx_HAL_Driver/stm32f4xx_hal_cortex.o
 .debug_macro   0x00021b0d      0x347 Drivers/STM32F4xx_HAL_Driver/stm32f4xx_hal_gpio.o
 .debug_macro   0x00021e54      0x34f Drivers/STM32F4xx_HAL_Driver/stm32f4xx_hal_i2c.o
 .debug_macro   0x000221a3      0x327 Drivers/STM32F4xx_HAL_Driver/stm32f4xx_hal_pwr_ex.o
 .debug_macro   0x000224ca      0x333 Drivers/STM32F4xx_HAL_Driver/stm32f4xx_hal_rcc.o

.debug_str      0x00000000    0xcafc0
 .debug_str     0x00000000    0xc9346 Application/User/main.o
                              0xc96d3 (size before relaxing)
 .debug_str     0x000c9346       0xac Application/User/stm32f4xx_hal_msp.o
                              0xc949c (size before relaxing)
 .debug_str     0x000c93f2      0x10c Application/User/stm32f4xx_it.o
                              0xc8925 (size before relaxing)
 .debug_str     0x000c94fe       0xf0 Drivers/CMSIS/system_stm32f4xx.o
                              0xc8a18 (size before relaxing)
 .debug_str     0x000c95ee      0x63c Drivers/STM32F4xx_HAL_Driver/stm32f4xx_hal.o
                              0xc9626 (size before relaxing)
 .debug_str     0x000c9c2a      0x374 Drivers/STM32F4xx_HAL_Driver/stm32f4xx_hal_cortex.o
                              0xc931a (size before relaxing)
 .debug_str     0x000c9f9e      0x1fa Drivers/STM32F4xx_HAL_Driver/stm32f4xx_hal_gpio.o
                              0xc8c5c (size before relaxing)
 .debug_str     0x000ca198      0xa91 Drivers/STM32F4xx_HAL_Driver/stm32f4xx_hal_i2c.o
                              0xc9854 (size before relaxing)
 .debug_str     0x000cac29      0x172 Drivers/STM32F4xx_HAL_Driver/stm32f4xx_hal_pwr_ex.o
                              0xc8c18 (size before relaxing)
 .debug_str     0x000cad9b      0x225 Drivers/STM32F4xx_HAL_Driver/stm32f4xx_hal_rcc.o
                              0xc8e26 (size before relaxing)

.comment        0x00000000       0x7f
 .comment       0x00000000       0x7f Application/User/main.o
                                 0x80 (size before relaxing)
 .comment       0x0000007f       0x80 Application/User/stm32f4xx_hal_msp.o
 .comment       0x0000007f       0x80 Application/User/stm32f4xx_it.o
 .comment       0x0000007f       0x80 Drivers/CMSIS/system_stm32f4xx.o
 .comment       0x0000007f       0x80 Drivers/STM32F4xx_HAL_Driver/stm32f4xx_hal.o
 .comment       0x0000007f       0x80 Drivers/STM32F4xx_HAL_Driver/stm32f4xx_hal_cortex.o
 .comment       0x0000007f       0x80 Drivers/STM32F4xx_HAL_Driver/stm32f4xx_hal_gpio.o
 .comment       0x0000007f       0x80 Drivers/STM32F4xx_HAL_Driver/stm32f4xx_hal_i2c.o
 .comment       0x0000007f       0x80 Drivers/STM32F4xx_HAL_Driver/stm32f4xx_hal_pwr_ex.o
 .comment       0x0000007f       0x80 Drivers/STM32F4xx_HAL_Driver/stm32f4xx_hal_rcc.o

.debug_frame    0x00000000     0x1118
 .debug_frame   0x00000000       0x90 Application/User/main.o
 .debug_frame   0x00000090       0x64 Application/User/stm32f4xx_hal_msp.o
 .debug_frame   0x000000f4       0xa8 Application/User/stm32f4xx_it.o
 .debug_frame   0x0000019c       0x30 Drivers/CMSIS/system_stm32f4xx.o
 .debug_frame   0x000001cc      0x1ec Drivers/STM32F4xx_HAL_Driver/stm32f4xx_hal.o
 .debug_frame   0x000003b8      0x15c Drivers/STM32F4xx_HAL_Driver/stm32f4xx_hal_cortex.o
 .debug_frame   0x00000514       0xd0 Drivers/STM32F4xx_HAL_Driver/stm32f4xx_hal_gpio.o
 .debug_frame   0x000005e4      0x848 Drivers/STM32F4xx_HAL_Driver/stm32f4xx_hal_i2c.o
 .debug_frame   0x00000e2c       0xec Drivers/STM32F4xx_HAL_Driver/stm32f4xx_hal_pwr_ex.o
 .debug_frame   0x00000f18      0x174 Drivers/STM32F4xx_HAL_Driver/stm32f4xx_hal_rcc.o
 .debug_frame   0x0000108c       0x2c c:/users/przemek/.p2/pool/plugins/fr.ac6.mcu.externaltools.arm-none.win32_1.15.0.201708311556/tools/compiler/bin/../lib/gcc/arm-none-eabi/6.3.1/thumb/v7e-m/fpv4-sp/hard\libgcc.a(_aeabi_uldivmod.o)
 .debug_frame   0x000010b8       0x34 c:/users/przemek/.p2/pool/plugins/fr.ac6.mcu.externaltools.arm-none.win32_1.15.0.201708311556/tools/compiler/bin/../lib/gcc/arm-none-eabi/6.3.1/thumb/v7e-m/fpv4-sp/hard\libgcc.a(_udivmoddi4.o)
 .debug_frame   0x000010ec       0x2c c:/users/przemek/.p2/pool/plugins/fr.ac6.mcu.externaltools.arm-none.win32_1.15.0.201708311556/tools/compiler/bin/../lib/gcc/arm-none-eabi/6.3.1/../../../../arm-none-eabi/lib/thumb/v7e-m/fpv4-sp/hard\libc_nano.a(lib_a-init.o)

.debug_loc      0x00000000     0x4329
 .debug_loc     0x00000000       0x5b Application/User/stm32f4xx_hal_msp.o
 .debug_loc     0x0000005b      0x13e Drivers/CMSIS/system_stm32f4xx.o
 .debug_loc     0x00000199      0x108 Drivers/STM32F4xx_HAL_Driver/stm32f4xx_hal.o
 .debug_loc     0x000002a1      0x5ce Drivers/STM32F4xx_HAL_Driver/stm32f4xx_hal_cortex.o
 .debug_loc     0x0000086f      0x3fd Drivers/STM32F4xx_HAL_Driver/stm32f4xx_hal_gpio.o
 .debug_loc     0x00000c6c     0x3198 Drivers/STM32F4xx_HAL_Driver/stm32f4xx_hal_i2c.o
 .debug_loc     0x00003e04      0x13f Drivers/STM32F4xx_HAL_Driver/stm32f4xx_hal_pwr_ex.o
 .debug_loc     0x00003f43      0x3e6 Drivers/STM32F4xx_HAL_Driver/stm32f4xx_hal_rcc.o
